Component: ARM Compiler 5.06 update 6 (build 750) Tool: armlink [4d35ed]

==============================================================================

Section Cross References

    main.o(i.flash_led) refers to delay.o(i.delay_ms) for delay_ms
    main.o(i.flash_led) refers to gd32f1x0_eval.o(i.gd_eval_ledon) for gd_eval_ledon
    main.o(i.flash_led) refers to gd32f1x0_eval.o(i.gd_eval_ledoff) for gd_eval_ledoff
    main.o(i.fputc) refers to gd32f1x0_usart.o(i.usart_data_transmit) for usart_data_transmit
    main.o(i.fputc) refers to gd32f1x0_usart.o(i.usart_flag_get) for usart_flag_get
    main.o(i.main) refers to systick.o(i.systick_config) for systick_config
    main.o(i.main) refers to main.o(i.test_status_led_init) for test_status_led_init
    main.o(i.main) refers to gd32f1x0_eval.o(i.gd_eval_COMinit) for gd_eval_COMinit
    main.o(i.main) refers to delay.o(i.delay_init) for delay_init
    main.o(i.main) refers to main.o(i.flash_led) for flash_led
    main.o(i.main) refers to gd32f1x0_rcu.o(i.rcu_periph_clock_enable) for rcu_periph_clock_enable
    main.o(i.main) refers to lcd_driver.o(i.lcd_init) for lcd_init
    main.o(i.main) refers to printfb.o(i.__0printf$bare) for __2printf
    main.o(i.main) refers to lcd_driver.o(i.lcd_clear) for lcd_clear
    main.o(i.main) refers to gui_1.o(i.gui_draw_pic) for gui_draw_pic
    main.o(i.main) refers to main.o(.constdata) for .constdata
    main.o(i.test_status_led_init) refers to gd32f1x0_eval.o(i.gd_eval_ledinit) for gd_eval_ledinit
    main.o(i.test_status_led_init) refers to gd32f1x0_eval.o(i.gd_eval_ledoff) for gd_eval_ledoff
    systick.o(i.delay_1ms) refers to systick.o(.data) for .data
    systick.o(i.delay_decrement) refers to systick.o(.data) for .data
    systick.o(i.systick_config) refers to systick.o(i.NVIC_SetPriority) for NVIC_SetPriority
    systick.o(i.systick_config) refers to system_gd32f1x0.o(.data) for SystemCoreClock
    system_gd32f1x0.o(i.SystemCoreClockUpdate) refers to system_gd32f1x0.o(.data) for .data
    system_gd32f1x0.o(i.SystemInit) refers to system_gd32f1x0.o(i.system_clock_72m_hxtal) for system_clock_72m_hxtal
    gd32f1x0_adc.o(i.adc_deinit) refers to gd32f1x0_rcu.o(i.rcu_periph_reset_enable) for rcu_periph_reset_enable
    gd32f1x0_adc.o(i.adc_deinit) refers to gd32f1x0_rcu.o(i.rcu_periph_reset_disable) for rcu_periph_reset_disable
    gd32f1x0_cec.o(i.cec_deinit) refers to gd32f1x0_rcu.o(i.rcu_periph_reset_enable) for rcu_periph_reset_enable
    gd32f1x0_cec.o(i.cec_deinit) refers to gd32f1x0_rcu.o(i.rcu_periph_reset_disable) for rcu_periph_reset_disable
    gd32f1x0_dac.o(i.dac_deinit) refers to gd32f1x0_rcu.o(i.rcu_periph_reset_enable) for rcu_periph_reset_enable
    gd32f1x0_dac.o(i.dac_deinit) refers to gd32f1x0_rcu.o(i.rcu_periph_reset_disable) for rcu_periph_reset_disable
    gd32f1x0_fmc.o(i.fmc_halfword_program) refers to gd32f1x0_fmc.o(i.fmc_ready_wait) for fmc_ready_wait
    gd32f1x0_fmc.o(i.fmc_mass_erase) refers to gd32f1x0_fmc.o(i.fmc_ready_wait) for fmc_ready_wait
    gd32f1x0_fmc.o(i.fmc_page_erase) refers to gd32f1x0_fmc.o(i.fmc_ready_wait) for fmc_ready_wait
    gd32f1x0_fmc.o(i.fmc_ready_wait) refers to gd32f1x0_fmc.o(i.fmc_state_get) for fmc_state_get
    gd32f1x0_fmc.o(i.fmc_word_program) refers to gd32f1x0_fmc.o(i.fmc_ready_wait) for fmc_ready_wait
    gd32f1x0_fmc.o(i.ob_data_program) refers to gd32f1x0_fmc.o(i.fmc_ready_wait) for fmc_ready_wait
    gd32f1x0_fmc.o(i.ob_erase) refers to gd32f1x0_fmc.o(i.fmc_ready_wait) for fmc_ready_wait
    gd32f1x0_fmc.o(i.ob_erase) refers to gd32f1x0_fmc.o(i.ob_security_protection_get) for ob_security_protection_get
    gd32f1x0_fmc.o(i.ob_security_protection_config) refers to gd32f1x0_fmc.o(i.fmc_ready_wait) for fmc_ready_wait
    gd32f1x0_fmc.o(i.ob_user_write) refers to gd32f1x0_fmc.o(i.fmc_ready_wait) for fmc_ready_wait
    gd32f1x0_fmc.o(i.ob_write_protection_enable) refers to gd32f1x0_fmc.o(i.fmc_ready_wait) for fmc_ready_wait
    gd32f1x0_gpio.o(i.gpio_deinit) refers to gd32f1x0_rcu.o(i.rcu_periph_reset_enable) for rcu_periph_reset_enable
    gd32f1x0_gpio.o(i.gpio_deinit) refers to gd32f1x0_rcu.o(i.rcu_periph_reset_disable) for rcu_periph_reset_disable
    gd32f1x0_i2c.o(i.i2c_clock_config) refers to gd32f1x0_rcu.o(i.rcu_clock_freq_get) for rcu_clock_freq_get
    gd32f1x0_i2c.o(i.i2c_deinit) refers to gd32f1x0_rcu.o(i.rcu_periph_reset_enable) for rcu_periph_reset_enable
    gd32f1x0_i2c.o(i.i2c_deinit) refers to gd32f1x0_rcu.o(i.rcu_periph_reset_disable) for rcu_periph_reset_disable
    gd32f1x0_pmu.o(i.pmu_deinit) refers to gd32f1x0_rcu.o(i.rcu_periph_reset_enable) for rcu_periph_reset_enable
    gd32f1x0_pmu.o(i.pmu_deinit) refers to gd32f1x0_rcu.o(i.rcu_periph_reset_disable) for rcu_periph_reset_disable
    gd32f1x0_rcu.o(i.rcu_hxtal_stab_wait) refers to gd32f1x0_rcu.o(i.rcu_flag_get) for rcu_flag_get
    gd32f1x0_rcu.o(i.rcu_irc8m_stab_wait) refers to gd32f1x0_rcu.o(i.rcu_flag_get) for rcu_flag_get
[...]
    printf5.o(i.__0vprintf$5) refers to stdout.o(.data) for __stdout
    printf5.o(i.__0vsnprintf$5) refers to printf5.o(i._printf_core) for _printf_core
    printf5.o(i.__0vsnprintf$5) refers to printf5.o(i._snputc) for _snputc
    printf5.o(i.__0vsprintf$5) refers to printf5.o(i._printf_core) for _printf_core
    printf5.o(i.__0vsprintf$5) refers to printf5.o(i._sputc) for _sputc
    printf5.o(i._printf_core) refers to uldiv.o(.text) for __aeabi_uldivmod
    printf6.o(i.__0fprintf$6) refers to printf6.o(i._printf_core) for _printf_core
    printf6.o(i.__0fprintf$6) refers to main.o(i.fputc) for fputc
    printf6.o(i.__0printf$6) refers to printf6.o(i._printf_core) for _printf_core
    printf6.o(i.__0printf$6) refers to main.o(i.fputc) for fputc
    printf6.o(i.__0printf$6) refers to stdout.o(.data) for __stdout
    printf6.o(i.__0snprintf$6) refers to printf6.o(i._printf_core) for _printf_core
    printf6.o(i.__0snprintf$6) refers to printf6.o(i._snputc) for _snputc
    printf6.o(i.__0sprintf$6) refers to printf6.o(i._printf_core) for _printf_core
    printf6.o(i.__0sprintf$6) refers to printf6.o(i._sputc) for _sputc
    printf6.o(i.__0vfprintf$6) refers to printf6.o(i._printf_core) for _printf_core
    printf6.o(i.__0vfprintf$6) refers to main.o(i.fputc) for fputc
    printf6.o(i.__0vprintf$6) refers to printf6.o(i._printf_core) for _printf_core
    printf6.o(i.__0vprintf$6) refers to main.o(i.fputc) for fputc
    printf6.o(i.__0vprintf$6) refers to stdout.o(.data) for __stdout
    printf6.o(i.__0vsnprintf$6) refers to printf6.o(i._printf_core) for _printf_core
    printf6.o(i.__0vsnprintf$6) refers to printf6.o(i._snputc) for _snputc
    printf6.o(i.__0vsprintf$6) refers to printf6.o(i._printf_core) for _printf_core
    printf6.o(i.__0vsprintf$6) refers to printf6.o(i._sputc) for _sputc
    printf6.o(i._printf_core) refers to printf6.o(i._printf_pre_padding) for _printf_pre_padding
    printf6.o(i._printf_core) refers to uidiv.o(.text) for __aeabi_uidivmod
    printf6.o(i._printf_core) refers to printf6.o(i._printf_post_padding) for _printf_post_padding
    printf7.o(i.__0fprintf$7) refers to printf7.o(i._printf_core) for _printf_core
    printf7.o(i.__0fprintf$7) refers to main.o(i.fputc) for fputc
    printf7.o(i.__0printf$7) refers to printf7.o(i._printf_core) for _printf_core
    printf7.o(i.__0printf$7) refers to main.o(i.fputc) for fputc
    printf7.o(i.__0printf$7) refers to stdout.o(.data) for __stdout
    printf7.o(i.__0snprintf$7) refers to printf7.o(i._printf_core) for _printf_core
    printf7.o(i.__0snprintf$7) refers to printf7.o(i._snputc) for _snputc
    printf7.o(i.__0sprintf$7) refers to printf7.o(i._printf_core) for _printf_core
    printf7.o(i.__0sprintf$7) refers to printf7.o(i._sputc) for _sputc
    printf7.o(i.__0vfprintf$7) refers to printf7.o(i._printf_core) for _printf_core
    printf7.o(i.__0vfprintf$7) refers to main.o(i.fputc) for fputc
    printf7.o(i.__0vprintf$7) refers to printf7.o(i._printf_core) for _printf_core
    printf7.o(i.__0vprintf$7) refers to main.o(i.fputc) for fputc
    printf7.o(i.__0vprintf$7) refers to stdout.o(.data) for __stdout
    printf7.o(i.__0vsnprintf$7) refers to printf7.o(i._printf_core) for _printf_core
    printf7.o(i.__0vsnprintf$7) refers to printf7.o(i._snputc) for _snputc
    printf7.o(i.__0vsprintf$7) refers to printf7.o(i._printf_core) for _printf_core
    printf7.o(i.__0vsprintf$7) refers to printf7.o(i._sputc) for _sputc
    printf7.o(i._printf_core) refers to printf7.o(i._printf_pre_padding) for _printf_pre_padding
    printf7.o(i._printf_core) refers to uldiv.o(.text) for __aeabi_uldivmod
    printf7.o(i._printf_core) refers to printf7.o(i._printf_post_padding) for _printf_post_padding
    printf8.o(i.__0fprintf$8) refers to printf8.o(i._printf_core) for _printf_core
    printf8.o(i.__0fprintf$8) refers to main.o(i.fputc) for fputc
    printf8.o(i.__0printf$8) refers to printf8.o(i._printf_core) for _printf_core
    printf8.o(i.__0printf$8) refers to main.o(i.fputc) for fputc
    printf8.o(i.__0printf$8) refers to stdout.o(.data) for __stdout
    printf8.o(i.__0snprintf$8) refers to printf8.o(i._printf_core) for _printf_core
    printf8.o(i.__0snprintf$8) refers to printf8.o(i._snputc) for _snputc
    printf8.o(i.__0sprintf$8) refers to printf8.o(i._printf_core) for _printf_core
    printf8.o(i.__0sprintf$8) refers to printf8.o(i._sputc) for _sputc
    printf8.o(i.__0vfprintf$8) refers to printf8.o(i._printf_core) for _printf_core
    printf8.o(i.__0vfprintf$8) refers to main.o(i.fputc) for fputc
    printf8.o(i.__0vprintf$8) refers to printf8.o(i._printf_core) for _printf_core
    printf8.o(i.__0vprintf$8) refers to main.o(i.fputc) for fputc
    printf8.o(i.__0vprintf$8) refers to stdout.o(.data) for __stdout
    printf8.o(i.__0vsnprintf$8) refers to printf8.o(i._printf_core) for _printf_core
    printf8.o(i.__0vsnprintf$8) refers to printf8.o(i._snputc) for _snputc
    printf8.o(i.__0vsprintf$8) refers to printf8.o(i._printf_core) for _printf_core
    printf8.o(i.__0vsprintf$8) refers to printf8.o(i._sputc) for _sputc
    printf8.o(i._printf_core) refers to printf8.o(i._printf_pre_padding) for _printf_pre_padding
    printf8.o(i._printf_core) refers to uldiv.o(.text) for __aeabi_uldivmod
    printf8.o(i._printf_core) refers to printf8.o(i._printf_post_padding) for _printf_post_padding
    printfa.o(i.__0fprintf) refers (Special) to iusefp.o(.text) for __I$use$fp
    printfa.o(i.__0fprintf) refers to printfa.o(i._printf_core) for _printf_core
    printfa.o(i.__0fprintf) refers to main.o(i.fputc) for fputc
    printfa.o(i.__0printf) refers (Special) to iusefp.o(.text) for __I$use$fp
    printfa.o(i.__0printf) refers to printfa.o(i._printf_core) for _printf_core
    printfa.o(i.__0printf) refers to main.o(i.fputc) for fputc
    printfa.o(i.__0printf) refers to stdout.o(.data) for __stdout
    printfa.o(i.__0snprintf) refers (Special) to iusefp.o(.text) for __I$use$fp
    printfa.o(i.__0snprintf) refers to printfa.o(i._printf_core) for _printf_core
    printfa.o(i.__0snprintf) refers to printfa.o(i._snputc) for _snputc
    printfa.o(i.__0sprintf) refers (Special) to iusefp.o(.text) for __I$use$fp
    printfa.o(i.__0sprintf) refers to printfa.o(i._printf_core) for _printf_core
    printfa.o(i.__0sprintf) refers to printfa.o(i._sputc) for _sputc
    printfa.o(i.__0vfprintf) refers (Special) to iusefp.o(.text) for __I$use$fp
    printfa.o(i.__0vfprintf) refers to printfa.o(i._printf_core) for _printf_core
    printfa.o(i.__0vfprintf) refers to main.o(i.fputc) for fputc
    printfa.o(i.__0vprintf) refers (Special) to iusefp.o(.text) for __I$use$fp
    printfa.o(i.__0vprintf) refers to printfa.o(i._printf_core) for _printf_core
    printfa.o(i.__0vprintf) refers to main.o(i.fputc) for fputc
    printfa.o(i.__0vprintf) refers to stdout.o(.data) for __stdout
    printfa.o(i.__0vsnprintf) refers (Special) to iusefp.o(.text) for __I$use$fp
    printfa.o(i.__0vsnprintf) refers to printfa.o(i._printf_core) for _printf_core
    printfa.o(i.__0vsnprintf) refers to printfa.o(i._snputc) for _snputc
    printfa.o(i.__0vsprintf) refers (Special) to iusefp.o(.text) for __I$use$fp
    printfa.o(i.__0vsprintf) refers to printfa.o(i._printf_core) for _printf_core
    printfa.o(i.__0vsprintf) refers to printfa.o(i._sputc) for _sputc
    printfa.o(i._fp_digits) refers (Special) to iusefp.o(.text) for __I$use$fp
    printfa.o(i._fp_digits) refers to dmul.o(.text) for __aeabi_dmul
    printfa.o(i._fp_digits) refers to ddiv.o(.text) for __aeabi_ddiv
    printfa.o(i._fp_digits) refers to cdrcmple.o(.text) for __aeabi_cdrcmple
    printfa.o(i._fp_digits) refers to dadd.o(.text) for __aeabi_dadd
    printfa.o(i._fp_digits) refers to dfixul.o(.text) for __aeabi_d2ulz
    printfa.o(i._fp_digits) refers to uldiv.o(.text) for __aeabi_uldivmod
    printfa.o(i._printf_core) refers (Special) to iusefp.o(.text) for __I$use$fp
    printfa.o(i._printf_core) refers to printfa.o(i._printf_pre_padding) for _printf_pre_padding
    printfa.o(i._printf_core) refers to uldiv.o(.text) for __aeabi_uldivmod
    printfa.o(i._printf_core) refers to printfa.o(i._printf_post_padding) for _printf_post_padding
    printfa.o(i._printf_core) refers to printfa.o(i._fp_digits) for _fp_digits
    printfa.o(i._printf_core) refers to uidiv.o(.text) for __aeabi_uidivmod
    printfa.o(i._printf_post_padding) refers (Special) to iusefp.o(.text) for __I$use$fp
    printfa.o(i._printf_pre_padding) refers (Special) to iusefp.o(.text) for __I$use$fp
    printfa.o(i._snputc) refers (Special) to iusefp.o(.text) for __I$use$fp
    printfa.o(i._sputc) refers (Special) to iusefp.o(.text) for __I$use$fp
    entry2.o(.ARM.Collect$$$$00000001) refers to entry2.o(.ARM.Collect$$$$00002712) for __lit__00000000
    entry2.o(.ARM.Collect$$$$00002712) refers to startup_gd32f1x0.o(STACK) for __initial_sp
    entry2.o(__vectab_stack_and_reset_area) refers to startup_gd32f1x0.o(STACK) for __initial_sp
    entry2.o(__vectab_stack_and_reset_area) refers to entry.o(.ARM.Collect$$$$00000000) for __main
    entry5.o(.ARM.Collect$$$$00000004) refers to init.o(.text) for __scatterload
    entry9a.o(.ARM.Collect$$$$0000000B) refers to main.o(i.main) for main
    entry9b.o(.ARM.Collect$$$$0000000C) refers to main.o(i.main) for main
    uldiv.o(.text) refers to llushr.o(.text) for __aeabi_llsr
    uldiv.o(.text) refers to llshl.o(.text) for __aeabi_llsl
    dadd.o(.text) refers to llshl.o(.text) for __aeabi_llsl
    dadd.o(.text) refers to llsshr.o(.text) for __aeabi_lasr
    dadd.o(.text) refers to depilogue.o(.text) for _double_epilogue
    dmul.o(.text) refers to depilogue.o(.text) for _double_epilogue
    ddiv.o(.text) refers to depilogue.o(.text) for _double_round
    dfixul.o(.text) refers to llushr.o(.text) for __aeabi_llsr
    dfixul.o(.text) refers to llshl.o(.text) for __aeabi_llsl
    init.o(.text) refers to entry5.o(.ARM.Collect$$$$00000004) for __main_after_scatterload
    depilogue.o(.text) refers to llshl.o(.text) for __aeabi_llsl
    depilogue.o(.text) refers to llushr.o(.text) for __aeabi_llsr


==============================================================================

Removing Unused input sections from the image.

    Removing main.o(.rev16_text), (4 bytes).
    Removing main.o(.revsh_text), (4 bytes).
    Removing main.o(.rrx_text), (6 bytes).
    Removing main.o(.constdata), (3200 bytes).
    Removing main.o(.constdata), (3200 bytes).
    Removing main.o(.constdata), (3200 bytes).
    Removing main.o(.constdata), (16960 bytes).
    Removing systick.o(.rev16_text), (4 bytes).
    Removing systick.o(.revsh_text), (4 bytes).
    Removing systick.o(.rrx_text), (6 bytes).
    Removing systick.o(i.delay_1ms), (16 bytes).
    Removing systick.o(i.delay_decrement), (20 bytes).
    Removing systick.o(.data), (4 bytes).
    Removing system_gd32f1x0.o(.rev16_text), (4 bytes).
    Removing system_gd32f1x0.o(.revsh_text), (4 bytes).
    Removing system_gd32f1x0.o(.rrx_text), (6 bytes).
    Removing system_gd32f1x0.o(i.SystemCoreClockUpdate), (136 bytes).
    Removing gd32f1x0_adc.o(.rev16_text), (4 bytes).
    Removing gd32f1x0_adc.o(.revsh_text), (4 bytes).
    Removing gd32f1x0_adc.o(.rrx_text), (6 bytes).
    Removing gd32f1x0_adc.o(i.adc_calibration_enable), (36 bytes).
    Removing gd32f1x0_adc.o(i.adc_channel_length_config), (48 bytes).
    Removing gd32f1x0_adc.o(i.adc_data_alignment_config), (28 bytes).
    Removing gd32f1x0_adc.o(i.adc_deinit), (22 bytes).
    Removing gd32f1x0_adc.o(i.adc_disable), (16 bytes).
    Removing gd32f1x0_adc.o(i.adc_discontinuous_mode_config), (64 bytes).
    Removing gd32f1x0_adc.o(i.adc_enable), (24 bytes).
    Removing gd32f1x0_adc.o(i.adc_external_trigger_config), (56 bytes).
    Removing gd32f1x0_adc.o(i.adc_external_trigger_source_config), (36 bytes).
    Removing gd32f1x0_adc.o(i.adc_flag_clear), (16 bytes).
    Removing gd32f1x0_adc.o(i.adc_flag_get), (20 bytes).
    Removing gd32f1x0_adc.o(i.adc_inserted_channel_config), (88 bytes).
    Removing gd32f1x0_adc.o(i.adc_inserted_channel_offset_config), (44 bytes).
    Removing gd32f1x0_adc.o(i.adc_inserted_data_read), (48 bytes).
    Removing gd32f1x0_adc.o(i.adc_interrupt_config), (80 bytes).
    Removing gd32f1x0_adc.o(i.adc_interrupt_disable), (44 bytes).
    Removing gd32f1x0_adc.o(i.adc_interrupt_enable), (44 bytes).
    Removing gd32f1x0_adc.o(i.adc_interrupt_flag_clear), (44 bytes).
    Removing gd32f1x0_adc.o(i.adc_interrupt_flag_get), (72 bytes).
    Removing gd32f1x0_adc.o(i.adc_regular_channel_config), (104 bytes).
    Removing gd32f1x0_adc.o(i.adc_regular_data_read), (12 bytes).
    Removing gd32f1x0_adc.o(i.adc_software_trigger_enable), (32 bytes).
    Removing gd32f1x0_adc.o(i.adc_special_function_config), (140 bytes).
    Removing gd32f1x0_adc.o(i.adc_wde_disable), (20 bytes).
    Removing gd32f1x0_adc.o(i.adc_wde_group_channel_enable), (56 bytes).
    Removing gd32f1x0_adc.o(i.adc_wde_single_channel_enable), (40 bytes).
    Removing gd32f1x0_adc.o(i.adc_wde_threshold_config), (16 bytes).
    Removing gd32f1x0_cec.o(.rev16_text), (4 bytes).
    Removing gd32f1x0_cec.o(.revsh_text), (4 bytes).
    Removing gd32f1x0_cec.o(.rrx_text), (6 bytes).
    Removing gd32f1x0_cec.o(i.cec_data_receive), (12 bytes).
    Removing gd32f1x0_cec.o(i.cec_data_send), (12 bytes).
    Removing gd32f1x0_cec.o(i.cec_deinit), (22 bytes).
    Removing gd32f1x0_cec.o(i.cec_disable), (16 bytes).
    Removing gd32f1x0_cec.o(i.cec_enable), (16 bytes).
    Removing gd32f1x0_cec.o(i.cec_error_config), (40 bytes).
    Removing gd32f1x0_cec.o(i.cec_flag_get), (20 bytes).
    Removing gd32f1x0_cec.o(i.cec_generate_errorbit_config), (24 bytes).
    Removing gd32f1x0_cec.o(i.cec_init), (44 bytes).
    Removing gd32f1x0_cec.o(i.cec_interrupt_disable), (16 bytes).
    Removing gd32f1x0_cec.o(i.cec_interrupt_enable), (16 bytes).
    Removing gd32f1x0_cec.o(i.cec_interrupt_flag_clear), (12 bytes).
    Removing gd32f1x0_cec.o(i.cec_interrupt_flag_get), (32 bytes).
    Removing gd32f1x0_cec.o(i.cec_listen_mode_disable), (16 bytes).
    Removing gd32f1x0_cec.o(i.cec_listen_mode_enable), (16 bytes).
    Removing gd32f1x0_cec.o(i.cec_own_address_config), (32 bytes).
    Removing gd32f1x0_cec.o(i.cec_reception_tolerance_disable), (16 bytes).
    Removing gd32f1x0_cec.o(i.cec_reception_tolerance_enable), (16 bytes).
    Removing gd32f1x0_cec.o(i.cec_sft_config), (24 bytes).
    Removing gd32f1x0_cec.o(i.cec_stop_receive_bre_config), (28 bytes).
    Removing gd32f1x0_cec.o(i.cec_transmission_end), (16 bytes).
    Removing gd32f1x0_cec.o(i.cec_transmission_start), (16 bytes).
    Removing gd32f1x0_cmp.o(.rev16_text), (4 bytes).
    Removing gd32f1x0_cmp.o(.revsh_text), (4 bytes).
    Removing gd32f1x0_cmp.o(.rrx_text), (6 bytes).
    Removing gd32f1x0_cmp.o(i.cmp_channel0_switch_disable), (16 bytes).
    Removing gd32f1x0_cmp.o(i.cmp_channel0_switch_enable), (16 bytes).
    Removing gd32f1x0_cmp.o(i.cmp_channel_disable), (28 bytes).
    Removing gd32f1x0_cmp.o(i.cmp_channel_enable), (28 bytes).
    Removing gd32f1x0_cmp.o(i.cmp_deinit), (12 bytes).
    Removing gd32f1x0_cmp.o(i.cmp_lock_disable), (28 bytes).
    Removing gd32f1x0_cmp.o(i.cmp_lock_enable), (28 bytes).
    Removing gd32f1x0_cmp.o(i.cmp_mode_init), (68 bytes).
    Removing gd32f1x0_cmp.o(i.cmp_output_init), (76 bytes).
    Removing gd32f1x0_cmp.o(i.cmp_output_level), (32 bytes).
    Removing gd32f1x0_cmp.o(i.cmp_window_disable), (16 bytes).
    Removing gd32f1x0_cmp.o(i.cmp_window_enable), (16 bytes).
    Removing gd32f1x0_crc.o(.rev16_text), (4 bytes).
    Removing gd32f1x0_crc.o(.revsh_text), (4 bytes).
    Removing gd32f1x0_crc.o(.rrx_text), (6 bytes).
    Removing gd32f1x0_crc.o(i.crc_block_data_calculate), (28 bytes).
    Removing gd32f1x0_crc.o(i.crc_data_register_read), (12 bytes).
    Removing gd32f1x0_crc.o(i.crc_data_register_reset), (16 bytes).
    Removing gd32f1x0_crc.o(i.crc_deinit), (24 bytes).
    Removing gd32f1x0_crc.o(i.crc_free_data_register_read), (12 bytes).
    Removing gd32f1x0_crc.o(i.crc_free_data_register_write), (12 bytes).
    Removing gd32f1x0_crc.o(i.crc_init_data_register_write), (12 bytes).
    Removing gd32f1x0_crc.o(i.crc_input_data_reverse_config), (24 bytes).
    Removing gd32f1x0_crc.o(i.crc_reverse_output_data_disable), (16 bytes).
    Removing gd32f1x0_crc.o(i.crc_reverse_output_data_enable), (24 bytes).
    Removing gd32f1x0_crc.o(i.crc_single_data_calculate), (12 bytes).
    Removing gd32f1x0_dac.o(.rev16_text), (4 bytes).
    Removing gd32f1x0_dac.o(.revsh_text), (4 bytes).
    Removing gd32f1x0_dac.o(.rrx_text), (6 bytes).
    Removing gd32f1x0_dac.o(i.dac0_data_set), (32 bytes).
    Removing gd32f1x0_dac.o(i.dac0_disable), (16 bytes).
    Removing gd32f1x0_dac.o(i.dac0_dma_disable), (16 bytes).
    Removing gd32f1x0_dac.o(i.dac0_dma_enable), (16 bytes).
    Removing gd32f1x0_dac.o(i.dac0_enable), (16 bytes).
    Removing gd32f1x0_dac.o(i.dac0_flag_clear), (16 bytes).
    Removing gd32f1x0_dac.o(i.dac0_flag_get), (20 bytes).
    Removing gd32f1x0_dac.o(i.dac0_interrupt_disable), (16 bytes).
    Removing gd32f1x0_dac.o(i.dac0_interrupt_enable), (16 bytes).
    Removing gd32f1x0_dac.o(i.dac0_interrupt_flag_clear), (16 bytes).
    Removing gd32f1x0_dac.o(i.dac0_interrupt_flag_get), (32 bytes).
    Removing gd32f1x0_dac.o(i.dac0_output_buffer_disable), (16 bytes).
    Removing gd32f1x0_dac.o(i.dac0_output_buffer_enable), (16 bytes).
    Removing gd32f1x0_dac.o(i.dac0_output_value_get), (12 bytes).
    Removing gd32f1x0_dac.o(i.dac0_software_trigger_disable), (16 bytes).
    Removing gd32f1x0_dac.o(i.dac0_software_trigger_enable), (16 bytes).
    Removing gd32f1x0_dac.o(i.dac0_trigger_disable), (16 bytes).
    Removing gd32f1x0_dac.o(i.dac0_trigger_enable), (16 bytes).
    Removing gd32f1x0_dac.o(i.dac0_trigger_source_config), (24 bytes).
    Removing gd32f1x0_dac.o(i.dac_deinit), (22 bytes).
    Removing gd32f1x0_dbg.o(.rev16_text), (4 bytes).
    Removing gd32f1x0_dbg.o(.revsh_text), (4 bytes).
    Removing gd32f1x0_dbg.o(.rrx_text), (6 bytes).
    Removing gd32f1x0_dbg.o(i.dbg_ctl0_periph_disable), (16 bytes).
    Removing gd32f1x0_dbg.o(i.dbg_ctl0_periph_enable), (16 bytes).
    Removing gd32f1x0_dbg.o(i.dbg_ctl1_periph_disable), (16 bytes).
    Removing gd32f1x0_dbg.o(i.dbg_ctl1_periph_enable), (16 bytes).
    Removing gd32f1x0_dbg.o(i.dbg_id_get), (12 bytes).
    Removing gd32f1x0_dma.o(.rev16_text), (4 bytes).
    Removing gd32f1x0_dma.o(.revsh_text), (4 bytes).
    Removing gd32f1x0_dma.o(.rrx_text), (6 bytes).
    Removing gd32f1x0_dma.o(i.dma_channel_disable), (24 bytes).
    Removing gd32f1x0_dma.o(i.dma_channel_enable), (24 bytes).
    Removing gd32f1x0_dma.o(i.dma_circulation_disable), (24 bytes).
    Removing gd32f1x0_dma.o(i.dma_circulation_enable), (24 bytes).
    Removing gd32f1x0_dma.o(i.dma_deinit), (48 bytes).
    Removing gd32f1x0_dma.o(i.dma_init), (116 bytes).
    Removing gd32f1x0_dma.o(i.dma_interrupt_disable), (24 bytes).
    Removing gd32f1x0_dma.o(i.dma_interrupt_enable), (24 bytes).
    Removing gd32f1x0_dma.o(i.dma_interrupt_flag_clear), (20 bytes).
    Removing gd32f1x0_dma.o(i.dma_interrupt_flag_get), (24 bytes).
    Removing gd32f1x0_dma.o(i.dma_memory_address_config), (20 bytes).
    Removing gd32f1x0_dma.o(i.dma_memory_increase_disable), (24 bytes).
    Removing gd32f1x0_dma.o(i.dma_memory_increase_enable), (24 bytes).
    Removing gd32f1x0_dma.o(i.dma_memory_to_memory_disable), (24 bytes).
    Removing gd32f1x0_dma.o(i.dma_memory_to_memory_enable), (24 bytes).
    Removing gd32f1x0_dma.o(i.dma_memory_width_config), (28 bytes).
    Removing gd32f1x0_dma.o(i.dma_periph_address_config), (20 bytes).
    Removing gd32f1x0_dma.o(i.dma_periph_increase_disable), (24 bytes).
    Removing gd32f1x0_dma.o(i.dma_periph_increase_enable), (24 bytes).
    Removing gd32f1x0_dma.o(i.dma_periph_width_config), (28 bytes).
    Removing gd32f1x0_dma.o(i.dma_priority_config), (28 bytes).
    Removing gd32f1x0_dma.o(i.dma_transfer_direction_config), (36 bytes).
    Removing gd32f1x0_dma.o(i.dma_transfer_number_config), (20 bytes).
    Removing gd32f1x0_dma.o(i.dma_transfer_number_get), (20 bytes).
    Removing gd32f1x0_exti.o(.rev16_text), (4 bytes).
    Removing gd32f1x0_exti.o(.revsh_text), (4 bytes).
    Removing gd32f1x0_exti.o(.rrx_text), (6 bytes).
    Removing gd32f1x0_exti.o(i.exti_deinit), (32 bytes).
    Removing gd32f1x0_exti.o(i.exti_event_disable), (16 bytes).
    Removing gd32f1x0_exti.o(i.exti_event_enable), (16 bytes).
    Removing gd32f1x0_exti.o(i.exti_flag_clear), (12 bytes).
    Removing gd32f1x0_exti.o(i.exti_flag_get), (20 bytes).
    Removing gd32f1x0_exti.o(i.exti_init), (104 bytes).
    Removing gd32f1x0_exti.o(i.exti_interrupt_disable), (16 bytes).
    Removing gd32f1x0_exti.o(i.exti_interrupt_enable), (16 bytes).
    Removing gd32f1x0_exti.o(i.exti_interrupt_flag_clear), (12 bytes).
    Removing gd32f1x0_exti.o(i.exti_interrupt_flag_get), (32 bytes).
    Removing gd32f1x0_exti.o(i.exti_software_interrupt_disable), (16 bytes).
    Removing gd32f1x0_exti.o(i.exti_software_interrupt_enable), (16 bytes).
    Removing gd32f1x0_fmc.o(.rev16_text), (4 bytes).
    Removing gd32f1x0_fmc.o(.revsh_text), (4 bytes).
    Removing gd32f1x0_fmc.o(.rrx_text), (6 bytes).
    Removing gd32f1x0_fmc.o(i.fmc_flag_clear), (12 bytes).
    Removing gd32f1x0_fmc.o(i.fmc_flag_get), (20 bytes).
    Removing gd32f1x0_fmc.o(i.fmc_halfword_program), (52 bytes).
    Removing gd32f1x0_fmc.o(i.fmc_interrupt_disable), (16 bytes).
    Removing gd32f1x0_fmc.o(i.fmc_interrupt_enable), (16 bytes).
    Removing gd32f1x0_fmc.o(i.fmc_lock), (16 bytes).
    Removing gd32f1x0_fmc.o(i.fmc_mass_erase), (56 bytes).
    Removing gd32f1x0_fmc.o(i.fmc_page_erase), (60 bytes).
    Removing gd32f1x0_fmc.o(i.fmc_ready_wait), (22 bytes).
    Removing gd32f1x0_fmc.o(i.fmc_state_get), (40 bytes).
    Removing gd32f1x0_fmc.o(i.fmc_unlock), (32 bytes).
    Removing gd32f1x0_fmc.o(i.fmc_word_program), (52 bytes).
    Removing gd32f1x0_fmc.o(i.ob_data_program), (56 bytes).
    Removing gd32f1x0_fmc.o(i.ob_erase), (108 bytes).
    Removing gd32f1x0_fmc.o(i.ob_lock), (16 bytes).
    Removing gd32f1x0_fmc.o(i.ob_reset), (16 bytes).
    Removing gd32f1x0_fmc.o(i.ob_security_protection_config), (92 bytes).
    Removing gd32f1x0_fmc.o(i.ob_security_protection_get), (20 bytes).
    Removing gd32f1x0_fmc.o(i.ob_unlock), (32 bytes).
    Removing gd32f1x0_fmc.o(i.ob_user_get), (16 bytes).
    Removing gd32f1x0_fmc.o(i.ob_user_write), (60 bytes).
    Removing gd32f1x0_fmc.o(i.ob_write_protection_enable), (92 bytes).
    Removing gd32f1x0_fmc.o(i.ob_write_protection_get), (12 bytes).
    Removing gd32f1x0_fwdgt.o(.rev16_text), (4 bytes).
    Removing gd32f1x0_fwdgt.o(.revsh_text), (4 bytes).
    Removing gd32f1x0_fwdgt.o(.rrx_text), (6 bytes).
    Removing gd32f1x0_fwdgt.o(i.fwdgt_config), (80 bytes).
    Removing gd32f1x0_fwdgt.o(i.fwdgt_counter_reload), (16 bytes).
    Removing gd32f1x0_fwdgt.o(i.fwdgt_enable), (16 bytes).
    Removing gd32f1x0_fwdgt.o(i.fwdgt_flag_get), (20 bytes).
    Removing gd32f1x0_fwdgt.o(i.fwdgt_window_value_config), (52 bytes).
    Removing gd32f1x0_fwdgt.o(i.fwdgt_write_disable), (12 bytes).
    Removing gd32f1x0_gpio.o(.rev16_text), (4 bytes).
    Removing gd32f1x0_gpio.o(.revsh_text), (4 bytes).
    Removing gd32f1x0_gpio.o(.rrx_text), (6 bytes).
    Removing gd32f1x0_gpio.o(i.gpio_bit_reset), (4 bytes).
    Removing gd32f1x0_gpio.o(i.gpio_bit_set), (4 bytes).
    Removing gd32f1x0_gpio.o(i.gpio_bit_write), (10 bytes).
    Removing gd32f1x0_gpio.o(i.gpio_deinit), (92 bytes).
    Removing gd32f1x0_gpio.o(i.gpio_input_bit_get), (10 bytes).
    Removing gd32f1x0_gpio.o(i.gpio_input_port_get), (6 bytes).
    Removing gd32f1x0_gpio.o(i.gpio_output_bit_get), (10 bytes).
    Removing gd32f1x0_gpio.o(i.gpio_output_port_get), (6 bytes).
    Removing gd32f1x0_gpio.o(i.gpio_pin_lock), (16 bytes).
    Removing gd32f1x0_gpio.o(i.gpio_port_write), (4 bytes).
    Removing gd32f1x0_i2c.o(.rev16_text), (4 bytes).
    Removing gd32f1x0_i2c.o(.revsh_text), (4 bytes).
    Removing gd32f1x0_i2c.o(.rrx_text), (6 bytes).
    Removing gd32f1x0_i2c.o(i.i2c_ack_config), (24 bytes).
    Removing gd32f1x0_i2c.o(i.i2c_ackpos_config), (24 bytes).
    Removing gd32f1x0_i2c.o(i.i2c_addr_config), (26 bytes).
    Removing gd32f1x0_i2c.o(i.i2c_clock_config), (188 bytes).
    Removing gd32f1x0_i2c.o(i.i2c_deinit), (48 bytes).
    Removing gd32f1x0_i2c.o(i.i2c_disable), (10 bytes).
    Removing gd32f1x0_i2c.o(i.i2c_dma_config), (48 bytes).
    Removing gd32f1x0_i2c.o(i.i2c_dualaddr_enable), (20 bytes).
    Removing gd32f1x0_i2c.o(i.i2c_enable), (10 bytes).
    Removing gd32f1x0_i2c.o(i.i2c_flag_clear), (8 bytes).
    Removing gd32f1x0_i2c.o(i.i2c_flag_get), (16 bytes).
    Removing gd32f1x0_i2c.o(i.i2c_interrupt_disable), (8 bytes).
    Removing gd32f1x0_i2c.o(i.i2c_interrupt_enable), (8 bytes).
    Removing gd32f1x0_i2c.o(i.i2c_master_addressing), (18 bytes).
    Removing gd32f1x0_i2c.o(i.i2c_pec_config), (64 bytes).
    Removing gd32f1x0_i2c.o(i.i2c_pec_value), (8 bytes).
    Removing gd32f1x0_i2c.o(i.i2c_receive_data), (6 bytes).
    Removing gd32f1x0_i2c.o(i.i2c_slave_response_to_gcall_config), (20 bytes).
    Removing gd32f1x0_i2c.o(i.i2c_smbus_config), (48 bytes).
    Removing gd32f1x0_i2c.o(i.i2c_software_reset_config), (20 bytes).
    Removing gd32f1x0_i2c.o(i.i2c_start_on_bus), (10 bytes).
    Removing gd32f1x0_i2c.o(i.i2c_stop_on_bus), (10 bytes).
    Removing gd32f1x0_i2c.o(i.i2c_stretch_scl_low_config), (20 bytes).
    Removing gd32f1x0_i2c.o(i.i2c_transmit_data), (4 bytes).
    Removing gd32f1x0_misc.o(.rev16_text), (4 bytes).
    Removing gd32f1x0_misc.o(.revsh_text), (4 bytes).
    Removing gd32f1x0_misc.o(.rrx_text), (6 bytes).
    Removing gd32f1x0_misc.o(i.nvic_irq_disable), (22 bytes).
    Removing gd32f1x0_misc.o(i.nvic_irq_enable), (140 bytes).
    Removing gd32f1x0_misc.o(i.nvic_priority_group_set), (20 bytes).
    Removing gd32f1x0_misc.o(i.nvic_vector_table_set), (20 bytes).
    Removing gd32f1x0_misc.o(i.system_lowpower_reset), (16 bytes).
    Removing gd32f1x0_misc.o(i.system_lowpower_set), (16 bytes).
    Removing gd32f1x0_misc.o(i.systick_clksource_set), (24 bytes).
    Removing gd32f1x0_pmu.o(.rev16_text), (4 bytes).
    Removing gd32f1x0_pmu.o(.revsh_text), (4 bytes).
    Removing gd32f1x0_pmu.o(.rrx_text), (6 bytes).
    Removing gd32f1x0_pmu.o(i.pmu_backup_write_disable), (16 bytes).
    Removing gd32f1x0_pmu.o(i.pmu_backup_write_enable), (16 bytes).
    Removing gd32f1x0_pmu.o(i.pmu_deinit), (22 bytes).
    Removing gd32f1x0_pmu.o(i.pmu_flag_get), (20 bytes).
    Removing gd32f1x0_pmu.o(i.pmu_flag_reset), (32 bytes).
    Removing gd32f1x0_pmu.o(i.pmu_lvd_disable), (16 bytes).
    Removing gd32f1x0_pmu.o(i.pmu_lvd_select), (40 bytes).
    Removing gd32f1x0_pmu.o(i.pmu_to_deepsleepmode), (56 bytes).
    Removing gd32f1x0_pmu.o(i.pmu_to_sleepmode), (24 bytes).
    Removing gd32f1x0_pmu.o(i.pmu_to_stdbymode), (48 bytes).
    Removing gd32f1x0_pmu.o(i.pmu_wakeup_pin_disable), (16 bytes).
    Removing gd32f1x0_pmu.o(i.pmu_wakeup_pin_enable), (16 bytes).
    Removing gd32f1x0_rcu.o(.rev16_text), (4 bytes).
    Removing gd32f1x0_rcu.o(.revsh_text), (4 bytes).
    Removing gd32f1x0_rcu.o(.rrx_text), (6 bytes).
    Removing gd32f1x0_rcu.o(i.rcu_adc_clock_config), (84 bytes).
    Removing gd32f1x0_rcu.o(i.rcu_ahb_clock_config), (20 bytes).
    Removing gd32f1x0_rcu.o(i.rcu_apb1_clock_config), (20 bytes).
    Removing gd32f1x0_rcu.o(i.rcu_apb2_clock_config), (20 bytes).
    Removing gd32f1x0_rcu.o(i.rcu_bkp_reset_disable), (16 bytes).
    Removing gd32f1x0_rcu.o(i.rcu_bkp_reset_enable), (16 bytes).
    Removing gd32f1x0_rcu.o(i.rcu_cec_clock_config), (24 bytes).
    Removing gd32f1x0_rcu.o(i.rcu_ckout_config), (20 bytes).
    Removing gd32f1x0_rcu.o(i.rcu_deepsleep_voltage_set), (32 bytes).
    Removing gd32f1x0_rcu.o(i.rcu_deinit), (96 bytes).
    Removing gd32f1x0_rcu.o(i.rcu_flag_get), (32 bytes).
    Removing gd32f1x0_rcu.o(i.rcu_hxtal_clock_monitor_disable), (16 bytes).
    Removing gd32f1x0_rcu.o(i.rcu_hxtal_clock_monitor_enable), (16 bytes).
    Removing gd32f1x0_rcu.o(i.rcu_hxtal_prediv_config), (20 bytes).
    Removing gd32f1x0_rcu.o(i.rcu_hxtal_stab_wait), (38 bytes).
    Removing gd32f1x0_rcu.o(i.rcu_interrupt_flag_clear), (16 bytes).
    Removing gd32f1x0_rcu.o(i.rcu_interrupt_flag_get), (20 bytes).
    Removing gd32f1x0_rcu.o(i.rcu_irc14m_adjust_value_set), (20 bytes).
    Removing gd32f1x0_rcu.o(i.rcu_irc8m_adjust_value_set), (20 bytes).
    Removing gd32f1x0_rcu.o(i.rcu_irc8m_stab_wait), (38 bytes).
    Removing gd32f1x0_rcu.o(i.rcu_lxtal_drive_capability_config), (24 bytes).
    Removing gd32f1x0_rcu.o(i.rcu_osci_bypass_mode_disable), (60 bytes).
    Removing gd32f1x0_rcu.o(i.rcu_osci_bypass_mode_enable), (60 bytes).
    Removing gd32f1x0_rcu.o(i.rcu_osci_off), (28 bytes).
    Removing gd32f1x0_rcu.o(i.rcu_osci_on), (28 bytes).
    Removing gd32f1x0_rcu.o(i.rcu_osci_stab_wait), (116 bytes).
    Removing gd32f1x0_rcu.o(i.rcu_periph_clock_disable), (28 bytes).
    Removing gd32f1x0_rcu.o(i.rcu_pll_config), (32 bytes).
    Removing gd32f1x0_rcu.o(i.rcu_power_down_voltage_set), (32 bytes).
    Removing gd32f1x0_rcu.o(i.rcu_reset_flag_clear), (16 bytes).
    Removing gd32f1x0_rcu.o(i.rcu_rtc_clock_config), (24 bytes).
    Removing gd32f1x0_rcu.o(i.rcu_stab_interrupt_disable), (16 bytes).
    Removing gd32f1x0_rcu.o(i.rcu_stab_interrupt_enable), (16 bytes).
    Removing gd32f1x0_rcu.o(i.rcu_system_clock_source_config), (20 bytes).
    Removing gd32f1x0_rcu.o(i.rcu_system_clock_source_get), (16 bytes).
    Removing gd32f1x0_rcu.o(i.rcu_usart_clock_config), (24 bytes).
    Removing gd32f1x0_rcu.o(i.rcu_usbd_clock_config), (24 bytes).
    Removing gd32f1x0_rcu.o(i.rcu_voltage_key_unlock), (36 bytes).
    Removing gd32f1x0_rtc.o(.rev16_text), (4 bytes).
    Removing gd32f1x0_rtc.o(.revsh_text), (4 bytes).
    Removing gd32f1x0_rtc.o(.rrx_text), (6 bytes).
    Removing gd32f1x0_rtc.o(i.rtc_alarm_config), (80 bytes).
    Removing gd32f1x0_rtc.o(i.rtc_alarm_disable), (68 bytes).
    Removing gd32f1x0_rtc.o(i.rtc_alarm_enable), (32 bytes).
    Removing gd32f1x0_rtc.o(i.rtc_alarm_get), (52 bytes).
    Removing gd32f1x0_rtc.o(i.rtc_alarm_subsecond_config), (28 bytes).
    Removing gd32f1x0_rtc.o(i.rtc_alarm_subsecond_get), (16 bytes).
    Removing gd32f1x0_rtc.o(i.rtc_alter_output_config), (64 bytes).
    Removing gd32f1x0_rtc.o(i.rtc_bypass_shadow_disable), (32 bytes).
    Removing gd32f1x0_rtc.o(i.rtc_bypass_shadow_enable), (32 bytes).
    Removing gd32f1x0_rtc.o(i.rtc_calibration_config), (68 bytes).
    Removing gd32f1x0_rtc.o(i.rtc_current_time_get), (92 bytes).
    Removing gd32f1x0_rtc.o(i.rtc_deinit), (108 bytes).
    Removing gd32f1x0_rtc.o(i.rtc_flag_clear), (16 bytes).
    Removing gd32f1x0_rtc.o(i.rtc_flag_get), (20 bytes).
    Removing gd32f1x0_rtc.o(i.rtc_hour_adjust), (32 bytes).
    Removing gd32f1x0_rtc.o(i.rtc_init), (156 bytes).
    Removing gd32f1x0_rtc.o(i.rtc_init_mode_enter), (52 bytes).
    Removing gd32f1x0_rtc.o(i.rtc_init_mode_exit), (16 bytes).
    Removing gd32f1x0_rtc.o(i.rtc_interrupt_disable), (52 bytes).
    Removing gd32f1x0_rtc.o(i.rtc_interrupt_enable), (52 bytes).
    Removing gd32f1x0_rtc.o(i.rtc_refclock_detection_disable), (48 bytes).
    Removing gd32f1x0_rtc.o(i.rtc_refclock_detection_enable), (48 bytes).
    Removing gd32f1x0_rtc.o(i.rtc_register_sync_wait), (80 bytes).
    Removing gd32f1x0_rtc.o(i.rtc_second_ajust), (80 bytes).
    Removing gd32f1x0_rtc.o(i.rtc_subsecond_get), (16 bytes).
    Removing gd32f1x0_rtc.o(i.rtc_tamper_disable), (16 bytes).
    Removing gd32f1x0_rtc.o(i.rtc_tamper_enable), (124 bytes).
    Removing gd32f1x0_rtc.o(i.rtc_timestamp_disable), (32 bytes).
    Removing gd32f1x0_rtc.o(i.rtc_timestamp_enable), (40 bytes).
    Removing gd32f1x0_rtc.o(i.rtc_timestamp_get), (60 bytes).
    Removing gd32f1x0_rtc.o(i.rtc_timestamp_subsecond_get), (12 bytes).
    Removing gd32f1x0_spi.o(.rev16_text), (4 bytes).
    Removing gd32f1x0_spi.o(.revsh_text), (4 bytes).
    Removing gd32f1x0_spi.o(.rrx_text), (6 bytes).
    Removing gd32f1x0_spi.o(i.i2s_disable), (10 bytes).
    Removing gd32f1x0_spi.o(i.i2s_enable), (10 bytes).
    Removing gd32f1x0_spi.o(i.i2s_init), (18 bytes).
    Removing gd32f1x0_spi.o(i.i2s_psc_config), (94 bytes).
    Removing gd32f1x0_spi.o(i.spi_crc_error_clear), (10 bytes).
    Removing gd32f1x0_spi.o(i.spi_crc_get), (12 bytes).
    Removing gd32f1x0_spi.o(i.spi_crc_next), (10 bytes).
    Removing gd32f1x0_spi.o(i.spi_crc_off), (10 bytes).
    Removing gd32f1x0_spi.o(i.spi_crc_on), (10 bytes).
    Removing gd32f1x0_spi.o(i.spi_crc_polynomial_get), (6 bytes).
    Removing gd32f1x0_spi.o(i.spi_disable), (10 bytes).
    Removing gd32f1x0_spi.o(i.spi_dma_disable), (20 bytes).
    Removing gd32f1x0_spi.o(i.spi_dma_enable), (20 bytes).
    Removing gd32f1x0_spi.o(i.spi_i2s_data_receive), (6 bytes).
    Removing gd32f1x0_spi.o(i.spi_i2s_data_send), (4 bytes).
    Removing gd32f1x0_spi.o(i.spi_i2s_deinit), (60 bytes).
    Removing gd32f1x0_spi.o(i.spi_i2s_flag_get), (10 bytes).
    Removing gd32f1x0_spi.o(i.spi_i2s_interrupt_disable), (36 bytes).
    Removing gd32f1x0_spi.o(i.spi_i2s_interrupt_enable), (36 bytes).
    Removing gd32f1x0_spi.o(i.spi_i2s_interrupt_flag_get), (92 bytes).
    Removing gd32f1x0_spi.o(i.spi_nss_internal_high), (10 bytes).
    Removing gd32f1x0_spi.o(i.spi_nss_internal_low), (10 bytes).
    Removing gd32f1x0_spi.o(i.spi_nss_output_disable), (10 bytes).
    Removing gd32f1x0_spi.o(i.spi_nss_output_enable), (10 bytes).
    Removing gd32f1x0_syscfg.o(.rev16_text), (4 bytes).
    Removing gd32f1x0_syscfg.o(.revsh_text), (4 bytes).
    Removing gd32f1x0_syscfg.o(.rrx_text), (6 bytes).
    Removing gd32f1x0_syscfg.o(i.syscfg_deinit), (24 bytes).
    Removing gd32f1x0_syscfg.o(i.syscfg_dma_remap_disable), (16 bytes).
    Removing gd32f1x0_syscfg.o(i.syscfg_dma_remap_enable), (16 bytes).
    Removing gd32f1x0_syscfg.o(i.syscfg_exti_line_config), (92 bytes).
    Removing gd32f1x0_syscfg.o(i.syscfg_flag_clear), (16 bytes).
    Removing gd32f1x0_syscfg.o(i.syscfg_flag_get), (20 bytes).
    Removing gd32f1x0_syscfg.o(i.syscfg_high_current_disable), (16 bytes).
    Removing gd32f1x0_syscfg.o(i.syscfg_high_current_enable), (16 bytes).
    Removing gd32f1x0_syscfg.o(i.syscfg_lock_config), (16 bytes).
    Removing gd32f1x0_timer.o(.rev16_text), (4 bytes).
    Removing gd32f1x0_timer.o(.revsh_text), (4 bytes).
    Removing gd32f1x0_timer.o(.rrx_text), (6 bytes).
    Removing gd32f1x0_timer.o(i.timer_DMA_disable), (8 bytes).
    Removing gd32f1x0_timer.o(i.timer_DMA_enable), (8 bytes).
    Removing gd32f1x0_timer.o(i.timer_DMA_transfer_config), (22 bytes).
    Removing gd32f1x0_timer.o(i.timer_auto_reload_shadow_disable), (10 bytes).
    Removing gd32f1x0_timer.o(i.timer_auto_reload_shadow_enable), (10 bytes).
    Removing gd32f1x0_timer.o(i.timer_automatic_output_disable), (8 bytes).
    Removing gd32f1x0_timer.o(i.timer_automatic_output_enable), (10 bytes).
    Removing gd32f1x0_timer.o(i.timer_autoreload_value_config), (4 bytes).
    Removing gd32f1x0_timer.o(i.timer_break_config), (36 bytes).
    Removing gd32f1x0_timer.o(i.timer_break_disable), (8 bytes).
    Removing gd32f1x0_timer.o(i.timer_break_enable), (10 bytes).
    Removing gd32f1x0_timer.o(i.timer_channel_DMA_request_source_select), (22 bytes).
    Removing gd32f1x0_timer.o(i.timer_channel_capture_value_register_read), (34 bytes).
    Removing gd32f1x0_timer.o(i.timer_channel_complementary_output_enable_state_config), (58 bytes).
    Removing gd32f1x0_timer.o(i.timer_channel_complementary_output_polarity_config), (58 bytes).
    Removing gd32f1x0_timer.o(i.timer_channel_control_shadow_config), (20 bytes).
    Removing gd32f1x0_timer.o(i.timer_channel_control_shadow_update_config), (16 bytes).
    Removing gd32f1x0_timer.o(i.timer_channel_enable_state_config), (78 bytes).
    Removing gd32f1x0_timer.o(i.timer_channel_input_capture_prescaler_config), (78 bytes).
    Removing gd32f1x0_timer.o(i.timer_channel_output_clear_config), (78 bytes).
    Removing gd32f1x0_timer.o(i.timer_channel_output_config), (444 bytes).
    Removing gd32f1x0_timer.o(i.timer_channel_output_fast_config), (78 bytes).
    Removing gd32f1x0_timer.o(i.timer_channel_output_mode_config), (78 bytes).
    Removing gd32f1x0_timer.o(i.timer_channel_output_polarity_config), (78 bytes).
    Removing gd32f1x0_timer.o(i.timer_channel_output_pulse_value_config), (30 bytes).
    Removing gd32f1x0_timer.o(i.timer_channel_output_shadow_config), (78 bytes).
    Removing gd32f1x0_timer.o(i.timer_channel_remap_config), (8 bytes).
    Removing gd32f1x0_timer.o(i.timer_counter_alignment), (16 bytes).
    Removing gd32f1x0_timer.o(i.timer_counter_down_direction), (18 bytes).
    Removing gd32f1x0_timer.o(i.timer_counter_read), (4 bytes).
    Removing gd32f1x0_timer.o(i.timer_counter_up_direction), (14 bytes).
    Removing gd32f1x0_timer.o(i.timer_counter_value_config), (4 bytes).
    Removing gd32f1x0_timer.o(i.timer_deinit), (128 bytes).
    Removing gd32f1x0_timer.o(i.timer_disable), (10 bytes).
    Removing gd32f1x0_timer.o(i.timer_enable), (10 bytes).
    Removing gd32f1x0_timer.o(i.timer_event_software_generate), (8 bytes).
    Removing gd32f1x0_timer.o(i.timer_external_clock_mode0_config), (42 bytes).
    Removing gd32f1x0_timer.o(i.timer_external_clock_mode1_config), (18 bytes).
    Removing gd32f1x0_timer.o(i.timer_external_trigger_config), (28 bytes).
    Removing gd32f1x0_timer.o(i.timer_extrx_external_clock_config), (154 bytes).
    Removing gd32f1x0_timer.o(i.timer_flag_clear), (8 bytes).
    Removing gd32f1x0_timer.o(i.timer_flag_get), (10 bytes).
    Removing gd32f1x0_timer.o(i.timer_hall_mode_config), (22 bytes).
    Removing gd32f1x0_timer.o(i.timer_init), (144 bytes).
    Removing gd32f1x0_timer.o(i.timer_input_capture_config), (300 bytes).
    Removing gd32f1x0_timer.o(i.timer_input_pwm_capture_config), (330 bytes).
    Removing gd32f1x0_timer.o(i.timer_input_trigger_source_select), (16 bytes).
    Removing gd32f1x0_timer.o(i.timer_internal_clock_config), (8 bytes).
    Removing gd32f1x0_timer.o(i.timer_interrupt_disable), (8 bytes).
    Removing gd32f1x0_timer.o(i.timer_interrupt_enable), (8 bytes).
    Removing gd32f1x0_timer.o(i.timer_interrupt_flag_clear), (8 bytes).
    Removing gd32f1x0_timer.o(i.timer_interrupt_flag_get), (22 bytes).
    Removing gd32f1x0_timer.o(i.timer_itrx_external_clock_config), (18 bytes).
    Removing gd32f1x0_timer.o(i.timer_master_output_trigger_source_select), (16 bytes).
    Removing gd32f1x0_timer.o(i.timer_master_slave_mode_config), (22 bytes).
    Removing gd32f1x0_timer.o(i.timer_ocref_clear_source_select), (16 bytes).
    Removing gd32f1x0_timer.o(i.timer_prescaler_config), (18 bytes).
    Removing gd32f1x0_timer.o(i.timer_prescaler_read), (6 bytes).
    Removing gd32f1x0_timer.o(i.timer_primary_output_config), (20 bytes).
    Removing gd32f1x0_timer.o(i.timer_quadrature_decoder_mode_config), (64 bytes).
    Removing gd32f1x0_timer.o(i.timer_repetition_value_config), (4 bytes).
    Removing gd32f1x0_timer.o(i.timer_single_pulse_mode_config), (16 bytes).
    Removing gd32f1x0_timer.o(i.timer_slave_mode_select), (16 bytes).
    Removing gd32f1x0_timer.o(i.timer_update_event_disable), (10 bytes).
    Removing gd32f1x0_timer.o(i.timer_update_event_enable), (10 bytes).
    Removing gd32f1x0_timer.o(i.timer_update_source_config), (22 bytes).
    Removing gd32f1x0_tsi.o(.rev16_text), (4 bytes).
    Removing gd32f1x0_tsi.o(.revsh_text), (4 bytes).
    Removing gd32f1x0_tsi.o(.rrx_text), (6 bytes).
    Removing gd32f1x0_tsi.o(i.tsi_analog_off), (16 bytes).
    Removing gd32f1x0_tsi.o(i.tsi_analog_on), (16 bytes).
    Removing gd32f1x0_tsi.o(i.tsi_channel_pin_disable), (16 bytes).
    Removing gd32f1x0_tsi.o(i.tsi_channel_pin_enable), (16 bytes).
    Removing gd32f1x0_tsi.o(i.tsi_deinit), (22 bytes).
    Removing gd32f1x0_tsi.o(i.tsi_disable), (16 bytes).
    Removing gd32f1x0_tsi.o(i.tsi_enable), (16 bytes).
    Removing gd32f1x0_tsi.o(i.tsi_extend_charge_config), (72 bytes).
    Removing gd32f1x0_tsi.o(i.tsi_group0_cycle_get), (12 bytes).
    Removing gd32f1x0_tsi.o(i.tsi_group1_cycle_get), (12 bytes).
    Removing gd32f1x0_tsi.o(i.tsi_group2_cycle_get), (12 bytes).
    Removing gd32f1x0_tsi.o(i.tsi_group3_cycle_get), (12 bytes).
    Removing gd32f1x0_tsi.o(i.tsi_group4_cycle_get), (12 bytes).
    Removing gd32f1x0_tsi.o(i.tsi_group5_cycle_get), (12 bytes).
    Removing gd32f1x0_tsi.o(i.tsi_group_disable), (16 bytes).
    Removing gd32f1x0_tsi.o(i.tsi_group_enable), (16 bytes).
    Removing gd32f1x0_tsi.o(i.tsi_group_status_get), (20 bytes).
    Removing gd32f1x0_tsi.o(i.tsi_hardware_mode_config), (40 bytes).
    Removing gd32f1x0_tsi.o(i.tsi_hysteresis_off), (16 bytes).
    Removing gd32f1x0_tsi.o(i.tsi_hysteresis_on), (16 bytes).
    Removing gd32f1x0_tsi.o(i.tsi_init), (36 bytes).
    Removing gd32f1x0_tsi.o(i.tsi_interrupt_disable), (16 bytes).
    Removing gd32f1x0_tsi.o(i.tsi_interrupt_enable), (16 bytes).
    Removing gd32f1x0_tsi.o(i.tsi_interrupt_flag_clear), (16 bytes).
    Removing gd32f1x0_tsi.o(i.tsi_interrupt_flag_get), (20 bytes).
    Removing gd32f1x0_tsi.o(i.tsi_max_number_config), (24 bytes).
    Removing gd32f1x0_tsi.o(i.tsi_pin_mode_config), (32 bytes).
    Removing gd32f1x0_tsi.o(i.tsi_plus_config), (36 bytes).
    Removing gd32f1x0_tsi.o(i.tsi_sample_pin_disable), (20 bytes).
    Removing gd32f1x0_tsi.o(i.tsi_sample_pin_enable), (20 bytes).
    Removing gd32f1x0_tsi.o(i.tsi_sofeware_mode_config), (24 bytes).
    Removing gd32f1x0_tsi.o(i.tsi_software_start), (16 bytes).
    Removing gd32f1x0_tsi.o(i.tsi_software_stop), (16 bytes).
    Removing gd32f1x0_usart.o(.rev16_text), (4 bytes).
    Removing gd32f1x0_usart.o(.revsh_text), (4 bytes).
    Removing gd32f1x0_usart.o(.rrx_text), (6 bytes).
    Removing gd32f1x0_usart.o(i.usart_address_config), (26 bytes).
    Removing gd32f1x0_usart.o(i.usart_address_detection_mode_config), (28 bytes).
    Removing gd32f1x0_usart.o(i.usart_autobaud_detection_disable), (10 bytes).
    Removing gd32f1x0_usart.o(i.usart_autobaud_detection_enable), (10 bytes).
    Removing gd32f1x0_usart.o(i.usart_autobaud_detection_mode_config), (16 bytes).
    Removing gd32f1x0_usart.o(i.usart_block_length_config), (26 bytes).
    Removing gd32f1x0_usart.o(i.usart_clock_disable), (18 bytes).
    Removing gd32f1x0_usart.o(i.usart_clock_enable), (18 bytes).
    Removing gd32f1x0_usart.o(i.usart_command_enable), (8 bytes).
    Removing gd32f1x0_usart.o(i.usart_data_first_config), (28 bytes).
    Removing gd32f1x0_usart.o(i.usart_data_receive), (8 bytes).
    Removing gd32f1x0_usart.o(i.usart_depolarity_config), (28 bytes).
    Removing gd32f1x0_usart.o(i.usart_disable), (10 bytes).
    Removing gd32f1x0_usart.o(i.usart_dma_transfer_config), (64 bytes).
    Removing gd32f1x0_usart.o(i.usart_driver_assertime_config), (32 bytes).
    Removing gd32f1x0_usart.o(i.usart_driver_deassertime_config), (32 bytes).
    Removing gd32f1x0_usart.o(i.usart_enable), (10 bytes).
    Removing gd32f1x0_usart.o(i.usart_flag_clear), (8 bytes).
    Removing gd32f1x0_usart.o(i.usart_guard_time_config), (32 bytes).
    Removing gd32f1x0_usart.o(i.usart_halfduplex_disable), (18 bytes).
    Removing gd32f1x0_usart.o(i.usart_halfduplex_enable), (18 bytes).
    Removing gd32f1x0_usart.o(i.usart_hardware_flow_config), (72 bytes).
    Removing gd32f1x0_usart.o(i.usart_interrupt_disable), (38 bytes).
    Removing gd32f1x0_usart.o(i.usart_interrupt_enable), (44 bytes).
    Removing gd32f1x0_usart.o(i.usart_interrupt_flag_get), (54 bytes).
    Removing gd32f1x0_usart.o(i.usart_invert_config), (90 bytes).
    Removing gd32f1x0_usart.o(i.usart_irda_lowpower_config), (20 bytes).
    Removing gd32f1x0_usart.o(i.usart_irda_mode_disable), (18 bytes).
    Removing gd32f1x0_usart.o(i.usart_irda_mode_enable), (18 bytes).
    Removing gd32f1x0_usart.o(i.usart_lin_break_dection_length_config), (20 bytes).
    Removing gd32f1x0_usart.o(i.usart_lin_mode_disable), (10 bytes).
    Removing gd32f1x0_usart.o(i.usart_lin_mode_enable), (10 bytes).
    Removing gd32f1x0_usart.o(i.usart_mute_mode_disable), (10 bytes).
    Removing gd32f1x0_usart.o(i.usart_mute_mode_enable), (10 bytes).
    Removing gd32f1x0_usart.o(i.usart_mute_mode_wakeup_config), (24 bytes).
    Removing gd32f1x0_usart.o(i.usart_overrun_disable), (18 bytes).
    Removing gd32f1x0_usart.o(i.usart_overrun_enable), (18 bytes).
    Removing gd32f1x0_usart.o(i.usart_oversample_config), (24 bytes).
    Removing gd32f1x0_usart.o(i.usart_parity_config), (24 bytes).
    Removing gd32f1x0_usart.o(i.usart_receiver_timeout_config), (16 bytes).
    Removing gd32f1x0_usart.o(i.usart_receiver_timeout_disable), (10 bytes).
    Removing gd32f1x0_usart.o(i.usart_receiver_timeout_enable), (10 bytes).
    Removing gd32f1x0_usart.o(i.usart_reception_error_dma_disable), (18 bytes).
    Removing gd32f1x0_usart.o(i.usart_reception_error_dma_enable), (18 bytes).
    Removing gd32f1x0_usart.o(i.usart_rs485_driver_disable), (18 bytes).
    Removing gd32f1x0_usart.o(i.usart_rs485_driver_enable), (18 bytes).
    Removing gd32f1x0_usart.o(i.usart_sample_bit_config), (24 bytes).
    Removing gd32f1x0_usart.o(i.usart_smartcard_autoretry_config), (22 bytes).
    Removing gd32f1x0_usart.o(i.usart_smartcard_mode_disable), (18 bytes).
    Removing gd32f1x0_usart.o(i.usart_smartcard_mode_enable), (18 bytes).
    Removing gd32f1x0_usart.o(i.usart_smartcard_mode_nack_disable), (18 bytes).
    Removing gd32f1x0_usart.o(i.usart_smartcard_mode_nack_enable), (18 bytes).
    Removing gd32f1x0_usart.o(i.usart_stop_bit_set), (24 bytes).
    Removing gd32f1x0_usart.o(i.usart_synchronous_clock_config), (50 bytes).
    Removing gd32f1x0_usart.o(i.usart_wakeup_disable), (10 bytes).
    Removing gd32f1x0_usart.o(i.usart_wakeup_enable), (10 bytes).
    Removing gd32f1x0_usart.o(i.usart_wakeup_mode_config), (28 bytes).
    Removing gd32f1x0_usart.o(i.usart_word_length_set), (24 bytes).
    Removing gd32f1x0_wwdgt.o(.rev16_text), (4 bytes).
    Removing gd32f1x0_wwdgt.o(.revsh_text), (4 bytes).
    Removing gd32f1x0_wwdgt.o(.rrx_text), (6 bytes).
    Removing gd32f1x0_wwdgt.o(i.wwdgt_config), (40 bytes).
    Removing gd32f1x0_wwdgt.o(i.wwdgt_counter_update), (24 bytes).
    Removing gd32f1x0_wwdgt.o(i.wwdgt_deinit), (22 bytes).
    Removing gd32f1x0_wwdgt.o(i.wwdgt_enable), (16 bytes).
    Removing gd32f1x0_wwdgt.o(i.wwdgt_flag_clear), (16 bytes).
    Removing gd32f1x0_wwdgt.o(i.wwdgt_flag_get), (16 bytes).
    Removing gd32f1x0_wwdgt.o(i.wwdgt_interrupt_enable), (16 bytes).
    Removing gd32f1x0_eval.o(.rev16_text), (4 bytes).
    Removing gd32f1x0_eval.o(.revsh_text), (4 bytes).
    Removing gd32f1x0_eval.o(.rrx_text), (6 bytes).
    Removing gd32f1x0_eval.o(i.gd_eval_keygetstate), (24 bytes).
    Removing gd32f1x0_eval.o(i.gd_eval_keyinit), (120 bytes).
    Removing gd32f1x0_eval.o(i.gd_eval_ledtoggle), (28 bytes).
    Removing delay.o(.rev16_text), (4 bytes).
    Removing delay.o(.revsh_text), (4 bytes).
    Removing delay.o(.rrx_text), (6 bytes).
    Removing delay.o(i.delay_us), (40 bytes).
    Removing gui_1.o(.rev16_text), (4 bytes).
    Removing gui_1.o(.revsh_text), (4 bytes).
    Removing gui_1.o(.rrx_text), (6 bytes).
    Removing gui_1.o(i.display_button_down), (148 bytes).
    Removing gui_1.o(i.display_button_up), (152 bytes).
    Removing gui_1.o(i.gui_box), (144 bytes).
    Removing gui_1.o(i.gui_box2), (260 bytes).
    Removing gui_1.o(i.gui_circle), (360 bytes).
    Removing gui_1.o(i.gui_draw_bmp16), (84 bytes).
    Removing gui_1.o(i.gui_draw_font_gbk16), (360 bytes).
    Removing gui_1.o(i.gui_draw_font_gbk24), (400 bytes).
    Removing gui_1.o(i.gui_draw_font_num32), (144 bytes).
    Removing gui_1.o(i.gui_draw_line), (192 bytes).
    Removing gui_1.o(i.gui_rect), (72 bytes).
    Removing gui_1.o(i.lcd_bgr2rgb), (18 bytes).
    Removing gui_1.o(.constdata), (3992 bytes).
    Removing lcd_driver.o(.rev16_text), (4 bytes).
    Removing lcd_driver.o(.revsh_text), (4 bytes).
    Removing lcd_driver.o(.rrx_text), (6 bytes).
    Removing lcd_driver.o(i.gui_draw_point), (24 bytes).
    Removing lcd_driver.o(i.lcd_set_xy), (44 bytes).
    Removing tft_test.o(.rev16_text), (4 bytes).
    Removing tft_test.o(.revsh_text), (4 bytes).
    Removing tft_test.o(.rrx_text), (6 bytes).
    Removing tft_test.o(i.Pic_test), (8 bytes).
    Removing tft_test.o(i.color_test), (356 bytes).
    Removing tft_test.o(i.draw_test), (156 bytes).
    Removing tft_test.o(i.font_test), (800 bytes).
    Removing tft_test.o(i.num_test), (128 bytes).
    Removing tft_test.o(.data), (10 bytes).
    Removing startup_gd32f1x0.o(HEAP), (1024 bytes).
    Removing dadd.o(.text), (334 bytes).
    Removing dmul.o(.text), (228 bytes).
    Removing ddiv.o(.text), (222 bytes).
    Removing dfixul.o(.text), (48 bytes).
    Removing cdrcmple.o(.text), (48 bytes).
    Removing depilogue.o(.text), (186 bytes).

611 unused section(s) (total 52242 bytes) removed from the image.

==============================================================================

Image Symbol Table

    Local Symbols

    Symbol Name                              Value     Ov Type        Size  Object(Section)

    ../clib/microlib/division.c              0x00000000   Number         0  uldiv.o ABSOLUTE
    ../clib/microlib/division.c              0x00000000   Number         0  uidiv.o ABSOLUTE
    ../clib/microlib/init/entry.s            0x00000000   Number         0  entry.o ABSOLUTE
    ../clib/microlib/init/entry.s            0x00000000   Number         0  entry11a.o ABSOLUTE
    ../clib/microlib/init/entry.s            0x00000000   Number         0  entry2.o ABSOLUTE
    ../clib/microlib/init/entry.s            0x00000000   Number         0  entry5.o ABSOLUTE
    ../clib/microlib/init/entry.s            0x00000000   Number         0  entry7a.o ABSOLUTE
    ../clib/microlib/init/entry.s            0x00000000   Number         0  entry7b.o ABSOLUTE
    ../clib/microlib/init/entry.s            0x00000000   Number         0  entry8a.o ABSOLUTE
    ../clib/microlib/init/entry.s            0x00000000   Number         0  entry8b.o ABSOLUTE
    ../clib/microlib/init/entry.s            0x00000000   Number         0  entry9a.o ABSOLUTE
    ../clib/microlib/init/entry.s            0x00000000   Number         0  entry9b.o ABSOLUTE
    ../clib/microlib/init/entry.s            0x00000000   Number         0  entry10a.o ABSOLUTE
    ../clib/microlib/init/entry.s            0x00000000   Number         0  entry10b.o ABSOLUTE
    ../clib/microlib/init/entry.s            0x00000000   Number         0  entry11b.o ABSOLUTE
    ../clib/microlib/longlong.c              0x00000000   Number         0  llshl.o ABSOLUTE
    ../clib/microlib/longlong.c              0x00000000   Number         0  llsshr.o ABSOLUTE
    ../clib/microlib/longlong.c              0x00000000   Number         0  llushr.o ABSOLUTE
    ../clib/microlib/printf/printf.c         0x00000000   Number         0  printf2.o ABSOLUTE
    ../clib/microlib/printf/printf.c         0x00000000   Number         0  printf1.o ABSOLUTE
    ../clib/microlib/printf/printf.c         0x00000000   Number         0  printf0.o ABSOLUTE
    ../clib/microlib/printf/printf.c         0x00000000   Number         0  printfb.o ABSOLUTE
    ../clib/microlib/printf/printf.c         0x00000000   Number         0  printf3.o ABSOLUTE
    ../clib/microlib/printf/printf.c         0x00000000   Number         0  printf8.o ABSOLUTE
    ../clib/microlib/printf/printf.c         0x00000000   Number         0  printf4.o ABSOLUTE
    ../clib/microlib/printf/printf.c         0x00000000   Number         0  printf5.o ABSOLUTE
    ../clib/microlib/printf/printf.c         0x00000000   Number         0  printf7.o ABSOLUTE
    ../clib/microlib/printf/printf.c         0x00000000   Number         0  printfa.o ABSOLUTE
    ../clib/microlib/printf/printf.c         0x00000000   Number         0  printf6.o ABSOLUTE
    ../clib/microlib/stdio/streams.c         0x00000000   Number         0  stdout.o ABSOLUTE
    ../clib/microlib/stubs.s                 0x00000000   Number         0  iusefp.o ABSOLUTE
    ../fplib/microlib/fpadd.c                0x00000000   Number         0  dadd.o ABSOLUTE
    ../fplib/microlib/fpdiv.c                0x00000000   Number         0  ddiv.o ABSOLUTE
    ../fplib/microlib/fpepilogue.c           0x00000000   Number         0  depilogue.o ABSOLUTE
    ../fplib/microlib/fpfix.c                0x00000000   Number         0  dfixul.o ABSOLUTE
    ../fplib/microlib/fpmul.c                0x00000000   Number         0  dmul.o ABSOLUTE
    ..\..\..\Library\Firmware\CMSIS\GD\GD32F1x0\Source\ARM\startup_gd32f1x0.s 0x00000000   Number         0  startup_gd32f1x0.o ABSOLUTE
    ..\..\..\Library\Firmware\CMSIS\GD\GD32F1x0\Source\system_gd32f1x0.c 0x00000000   Number         0  system_gd32f1x0.o ABSOLUTE
    ..\..\..\Library\Firmware\GD32F1x0_standard_peripheral\Source\gd32f1x0_adc.c 0x00000000   Number         0  gd32f1x0_adc.o ABSOLUTE
    ..\..\..\Library\Firmware\GD32F1x0_standard_peripheral\Source\gd32f1x0_can.c 0x00000000   Number         0  gd32f1x0_can.o ABSOLUTE
    ..\..\..\Library\Firmware\GD32F1x0_standard_peripheral\Source\gd32f1x0_cec.c 0x00000000   Number         0  gd32f1x0_cec.o ABSOLUTE
    ..\..\..\Library\Firmware\GD32F1x0_standard_peripheral\Source\gd32f1x0_cmp.c 0x00000000   Number         0  gd32f1x0_cmp.o ABSOLUTE
    ..\..\..\Library\Firmware\GD32F1x0_standard_peripheral\Source\gd32f1x0_crc.c 0x00000000   Number         0  gd32f1x0_crc.o ABSOLUTE
    ..\..\..\Library\Firmware\GD32F1x0_standard_peripheral\Source\gd32f1x0_dac.c 0x00000000   Number         0  gd32f1x0_dac.o ABSOLUTE
    ..\..\..\Library\Firmware\GD32F1x0_standard_peripheral\Source\gd32f1x0_dbg.c 0x00000000   Number         0  gd32f1x0_dbg.o ABSOLUTE
    ..\..\..\Library\Firmware\GD32F1x0_standard_peripheral\Source\gd32f1x0_dma.c 0x00000000   Number         0  gd32f1x0_dma.o ABSOLUTE
    ..\..\..\Library\Firmware\GD32F1x0_standard_peripheral\Source\gd32f1x0_exti.c 0x00000000   Number         0  gd32f1x0_exti.o ABSOLUTE
    ..\..\..\Library\Firmware\GD32F1x0_standard_peripheral\Source\gd32f1x0_fmc.c 0x00000000   Number         0  gd32f1x0_fmc.o ABSOLUTE
    ..\..\..\Library\Firmware\GD32F1x0_standard_peripheral\Source\gd32f1x0_fwdgt.c 0x00000000   Number         0  gd32f1x0_fwdgt.o ABSOLUTE
    ..\..\..\Library\Firmware\GD32F1x0_standard_peripheral\Source\gd32f1x0_gpio.c 0x00000000   Number         0  gd32f1x0_gpio.o ABSOLUTE
    ..\..\..\Library\Firmware\GD32F1x0_standard_peripheral\Source\gd32f1x0_i2c.c 0x00000000   Number         0  gd32f1x0_i2c.o ABSOLUTE
    ..\..\..\Library\Firmware\GD32F1x0_standard_peripheral\Source\gd32f1x0_ivref.c 0x00000000   Number         0  gd32f1x0_ivref.o ABSOLUTE
    ..\..\..\Library\Firmware\GD32F1x0_standard_peripheral\Source\gd32f1x0_misc.c 0x00000000   Number         0  gd32f1x0_misc.o ABSOLUTE
    ..\..\..\Library\Firmware\GD32F1x0_standard_peripheral\Source\gd32f1x0_opa.c 0x00000000   Number         0  gd32f1x0_opa.o ABSOLUTE
    ..\..\..\Library\Firmware\GD32F1x0_standard_peripheral\Source\gd32f1x0_pmu.c 0x00000000   Number         0  gd32f1x0_pmu.o ABSOLUTE
    ..\..\..\Library\Firmware\GD32F1x0_standard_peripheral\Source\gd32f1x0_rcu.c 0x00000000   Number         0  gd32f1x0_rcu.o ABSOLUTE
    ..\..\..\Library\Firmware\GD32F1x0_standard_peripheral\Source\gd32f1x0_rtc.c 0x00000000   Number         0  gd32f1x0_rtc.o ABSOLUTE
    ..\..\..\Library\Firmware\GD32F1x0_standard_peripheral\Source\gd32f1x0_slcd.c 0x00000000   Number         0  gd32f1x0_slcd.o ABSOLUTE
    ..\..\..\Library\Firmware\GD32F1x0_standard_peripheral\Source\gd32f1x0_spi.c 0x00000000   Number         0  gd32f1x0_spi.o ABSOLUTE
    ..\..\..\Library\Firmware\GD32F1x0_standard_peripheral\Source\gd32f1x0_syscfg.c 0x00000000   Number         0  gd32f1x0_syscfg.o ABSOLUTE
    ..\..\..\Library\Firmware\GD32F1x0_standard_peripheral\Source\gd32f1x0_timer.c 0x00000000   Number         0  gd32f1x0_timer.o ABSOLUTE
    ..\..\..\Library\Firmware\GD32F1x0_standard_peripheral\Source\gd32f1x0_tsi.c 0x00000000   Number         0  gd32f1x0_tsi.o ABSOLUTE
    ..\..\..\Library\Firmware\GD32F1x0_standard_peripheral\Source\gd32f1x0_usart.c 0x00000000   Number         0  gd32f1x0_usart.o ABSOLUTE
    ..\..\..\Library\Firmware\GD32F1x0_standard_peripheral\Source\gd32f1x0_wwdgt.c 0x00000000   Number         0  gd32f1x0_wwdgt.o ABSOLUTE
    ..\..\..\Library\Utilities\gd32f1x0_eval.c 0x00000000   Number         0  gd32f1x0_eval.o ABSOLUTE
    ..\Soft_Drive\delay.c                    0x00000000   Number         0  delay.o ABSOLUTE
    ..\Soft_Drive\gui.c                      0x00000000   Number         0  gui_1.o ABSOLUTE
    ..\Soft_Drive\lcd_driver.c               0x00000000   Number         0  lcd_driver.o ABSOLUTE
    ..\Soft_Drive\tft_test.c                 0x00000000   Number         0  tft_test.o ABSOLUTE
    ..\\..\\..\\Library\\Firmware\\CMSIS\\GD\\GD32F1x0\\Source\\system_gd32f1x0.c 0x00000000   Number         0  system_gd32f1x0.o ABSOLUTE
    ..\\..\\..\\Library\\Firmware\\GD32F1x0_standard_peripheral\\Source\\gd32f1x0_adc.c 0x00000000   Number         0  gd32f1x0_adc.o ABSOLUTE
    ..\\..\\..\\Library\\Firmware\\GD32F1x0_standard_peripheral\\Source\\gd32f1x0_cec.c 0x00000000   Number         0  gd32f1x0_cec.o ABSOLUTE
    ..\\..\\..\\Library\\Firmware\\GD32F1x0_standard_peripheral\\Source\\gd32f1x0_cmp.c 0x00000000   Number         0  gd32f1x0_cmp.o ABSOLUTE
    ..\\..\\..\\Library\\Firmware\\GD32F1x0_standard_peripheral\\Source\\gd32f1x0_crc.c 0x00000000   Number         0  gd32f1x0_crc.o ABSOLUTE
    ..\\..\\..\\Library\\Firmware\\GD32F1x0_standard_peripheral\\Source\\gd32f1x0_dac.c 0x00000000   Number         0  gd32f1x0_dac.o ABSOLUTE
    ..\\..\\..\\Library\\Firmware\\GD32F1x0_standard_peripheral\\Source\\gd32f1x0_dbg.c 0x00000000   Number         0  gd32f1x0_dbg.o ABSOLUTE
    ..\\..\\..\\Library\\Firmware\\GD32F1x0_standard_peripheral\\Source\\gd32f1x0_dma.c 0x00000000   Number         0  gd32f1x0_dma.o ABSOLUTE
    ..\\..\\..\\Library\\Firmware\\GD32F1x0_standard_peripheral\\Source\\gd32f1x0_exti.c 0x00000000   Number         0  gd32f1x0_exti.o ABSOLUTE
    ..\\..\\..\\Library\\Firmware\\GD32F1x0_standard_peripheral\\Source\\gd32f1x0_fmc.c 0x00000000   Number         0  gd32f1x0_fmc.o ABSOLUTE
    ..\\..\\..\\Library\\Firmware\\GD32F1x0_standard_peripheral\\Source\\gd32f1x0_fwdgt.c 0x00000000   Number         0  gd32f1x0_fwdgt.o ABSOLUTE
    ..\\..\\..\\Library\\Firmware\\GD32F1x0_standard_peripheral\\Source\\gd32f1x0_gpio.c 0x00000000   Number         0  gd32f1x0_gpio.o ABSOLUTE
    ..\\..\\..\\Library\\Firmware\\GD32F1x0_standard_peripheral\\Source\\gd32f1x0_i2c.c 0x00000000   Number         0  gd32f1x0_i2c.o ABSOLUTE
    ..\\..\\..\\Library\\Firmware\\GD32F1x0_standard_peripheral\\Source\\gd32f1x0_misc.c 0x00000000   Number         0  gd32f1x0_misc.o ABSOLUTE
    ..\\..\\..\\Library\\Firmware\\GD32F1x0_standard_peripheral\\Source\\gd32f1x0_pmu.c 0x00000000   Number         0  gd32f1x0_pmu.o ABSOLUTE
    ..\\..\\..\\Library\\Firmware\\GD32F1x0_standard_peripheral\\Source\\gd32f1x0_rcu.c 0x00000000   Number         0  gd32f1x0_rcu.o ABSOLUTE
    ..\\..\\..\\Library\\Firmware\\GD32F1x0_standard_peripheral\\Source\\gd32f1x0_rtc.c 0x00000000   Number         0  gd32f1x0_rtc.o ABSOLUTE
    ..\\..\\..\\Library\\Firmware\\GD32F1x0_standard_peripheral\\Source\\gd32f1x0_spi.c 0x00000000   Number         0  gd32f1x0_spi.o ABSOLUTE
    ..\\..\\..\\Library\\Firmware\\GD32F1x0_standard_peripheral\\Source\\gd32f1x0_syscfg.c 0x00000000   Number         0  gd32f1x0_syscfg.o ABSOLUTE
    ..\\..\\..\\Library\\Firmware\\GD32F1x0_standard_peripheral\\Source\\gd32f1x0_timer.c 0x00000000   Number         0  gd32f1x0_timer.o ABSOLUTE
    ..\\..\\..\\Library\\Firmware\\GD32F1x0_standard_peripheral\\Source\\gd32f1x0_tsi.c 0x00000000   Number         0  gd32f1x0_tsi.o ABSOLUTE
    ..\\..\\..\\Library\\Firmware\\GD32F1x0_standard_peripheral\\Source\\gd32f1x0_usart.c 0x00000000   Number         0  gd32f1x0_usart.o ABSOLUTE
    ..\\..\\..\\Library\\Firmware\\GD32F1x0_standard_peripheral\\Source\\gd32f1x0_wwdgt.c 0x00000000   Number         0  gd32f1x0_wwdgt.o ABSOLUTE
    ..\\..\\..\\Library\\Utilities\\gd32f1x0_eval.c 0x00000000   Number         0  gd32f1x0_eval.o ABSOLUTE
    ..\\Soft_Drive\\delay.c                  0x00000000   Number         0  delay.o ABSOLUTE
    ..\\Soft_Drive\\gui.c                    0x00000000   Number         0  gui_1.o ABSOLUTE
    ..\\Soft_Drive\\lcd_driver.c             0x00000000   Number         0  lcd_driver.o ABSOLUTE
    ..\\Soft_Drive\\tft_test.c               0x00000000   Number         0  tft_test.o ABSOLUTE
    ..\\main.c                               0x00000000   Number         0  main.o ABSOLUTE
    ..\\systick.c                            0x00000000   Number         0  systick.o ABSOLUTE
    ..\main.c                                0x00000000   Number         0  main.o ABSOLUTE
    ..\systick.c                             0x00000000   Number         0  systick.o ABSOLUTE
    cdrcmple.s                               0x00000000   Number         0  cdrcmple.o ABSOLUTE
    dc.s                                     0x00000000   Number         0  dc.o ABSOLUTE
    handlers.s                               0x00000000   Number         0  handlers.o ABSOLUTE
    init.s                                   0x00000000   Number         0  init.o ABSOLUTE
    RESET                                    0x08000000   Section      360  startup_gd32f1x0.o(RESET)
    .ARM.Collect$$$$00000000                 0x08000168   Section        0  entry.o(.ARM.Collect$$$$00000000)
    .ARM.Collect$$$$00000001                 0x08000168   Section        4  entry2.o(.ARM.Collect$$$$00000001)
    .ARM.Collect$$$$00000004                 0x0800016c   Section        4  entry5.o(.ARM.Collect$$$$00000004)
    .ARM.Collect$$$$00000008                 0x08000170   Section        0  entry7b.o(.ARM.Collect$$$$00000008)
    .ARM.Collect$$$$0000000A                 0x08000170   Section        0  entry8b.o(.ARM.Collect$$$$0000000A)
    .ARM.Collect$$$$0000000B                 0x08000170   Section        8  entry9a.o(.ARM.Collect$$$$0000000B)
    .ARM.Collect$$$$0000000D                 0x08000178   Section        0  entry10a.o(.ARM.Collect$$$$0000000D)
    .ARM.Collect$$$$0000000F                 0x08000178   Section        0  entry11a.o(.ARM.Collect$$$$0000000F)
    .ARM.Collect$$$$00002712                 0x08000178   Section        4  entry2.o(.ARM.Collect$$$$00002712)
    __lit__00000000                          0x08000178   Data           4  entry2.o(.ARM.Collect$$$$00002712)
    .text                                    0x0800017c   Section       36  startup_gd32f1x0.o(.text)
    .text                                    0x080001a0   Section       36  init.o(.text)
    i.NVIC_SetPriority                       0x080001c4   Section        0  systick.o(i.NVIC_SetPriority)
    NVIC_SetPriority                         0x080001c5   Thumb Code    32  systick.o(i.NVIC_SetPriority)
    i.SystemInit                             0x080001e4   Section        0  system_gd32f1x0.o(i.SystemInit)
    i.__0printf$bare                         0x08000248   Section        0  printfb.o(i.__0printf$bare)
    i.__scatterload_copy                     0x08000258   Section       14  handlers.o(i.__scatterload_copy)
    i.__scatterload_null                     0x08000266   Section        2  handlers.o(i.__scatterload_null)
    i.__scatterload_zeroinit                 0x08000268   Section       14  handlers.o(i.__scatterload_zeroinit)
    i._printf_core                           0x08000276   Section        0  printfb.o(i._printf_core)
    _printf_core                             0x08000277   Thumb Code    34  printfb.o(i._printf_core)
    i.delay_init                             0x08000298   Section        0  delay.o(i.delay_init)
    i.delay_ms                               0x080002c4   Section        0  delay.o(i.delay_ms)
    i.flash_led                              0x080002ec   Section        0  main.o(i.flash_led)
    i.fputc                                  0x08000338   Section        0  main.o(i.fputc)
    i.gd_eval_COMinit                        0x0800035c   Section        0  gd32f1x0_eval.o(i.gd_eval_COMinit)
    i.gd_eval_ledinit                        0x08000408   Section        0  gd32f1x0_eval.o(i.gd_eval_ledinit)
    i.gd_eval_ledoff                         0x08000450   Section        0  gd32f1x0_eval.o(i.gd_eval_ledoff)
    i.gd_eval_ledon                          0x08000468   Section        0  gd32f1x0_eval.o(i.gd_eval_ledon)
    i.gpio_af_set                            0x08000480   Section        0  gd32f1x0_gpio.o(i.gpio_af_set)
    i.gpio_mode_set                          0x080004d6   Section        0  gd32f1x0_gpio.o(i.gpio_mode_set)
    i.gpio_output_options_set                0x0800051e   Section        0  gd32f1x0_gpio.o(i.gpio_output_options_set)
    i.gui_draw_pic                           0x0800055c   Section        0  gui_1.o(i.gui_draw_pic)
    i.lcd_clear                              0x080005b8   Section        0  lcd_driver.o(i.lcd_clear)
    i.lcd_init                               0x08000620   Section        0  lcd_driver.o(i.lcd_init)
    i.lcd_set_region                         0x0800084c   Section        0  lcd_driver.o(i.lcd_set_region)
    i.lcd_write_data                         0x080008a4   Section        0  lcd_driver.o(i.lcd_write_data)
    lcd_write_data                           0x080008a5   Thumb Code    14  lcd_driver.o(i.lcd_write_data)
    i.lcd_write_data_16bit                   0x080008bc   Section        0  lcd_driver.o(i.lcd_write_data_16bit)
    i.lcd_write_index                        0x080008d0   Section        0  lcd_driver.o(i.lcd_write_index)
    lcd_write_index                          0x080008d1   Thumb Code    14  lcd_driver.o(i.lcd_write_index)
    i.main                                   0x080008e8   Section        0  main.o(i.main)
    i.rcu_clock_freq_get                     0x0800098c   Section        0  gd32f1x0_rcu.o(i.rcu_clock_freq_get)
    i.rcu_periph_clock_enable                0x08000af8   Section        0  gd32f1x0_rcu.o(i.rcu_periph_clock_enable)
    i.rcu_periph_reset_disable               0x08000b14   Section        0  gd32f1x0_rcu.o(i.rcu_periph_reset_disable)
    i.rcu_periph_reset_enable                0x08000b30   Section        0  gd32f1x0_rcu.o(i.rcu_periph_reset_enable)
    i.spi0_init                              0x08000b4c   Section        0  lcd_driver.o(i.spi0_init)
    spi0_init                                0x08000b4d   Thumb Code   154  lcd_driver.o(i.spi0_init)
    i.spi_crc_polynomial_set                 0x08000bf8   Section        0  gd32f1x0_spi.o(i.spi_crc_polynomial_set)
    i.spi_enable                             0x08000c04   Section        0  gd32f1x0_spi.o(i.spi_enable)
    i.spi_init                               0x08000c0e   Section        0  gd32f1x0_spi.o(i.spi_init)
    i.spi_write_byte                         0x08000c32   Section        0  lcd_driver.o(i.spi_write_byte)
    spi_write_byte                           0x08000c33   Thumb Code    20  lcd_driver.o(i.spi_write_byte)
    i.system_clock_72m_hxtal                 0x08000c48   Section        0  system_gd32f1x0.o(i.system_clock_72m_hxtal)
    system_clock_72m_hxtal                   0x08000c49   Thumb Code   100  system_gd32f1x0.o(i.system_clock_72m_hxtal)
    i.systick_config                         0x08000cb4   Section        0  systick.o(i.systick_config)
    i.test_status_led_init                   0x08000cf4   Section        0  main.o(i.test_status_led_init)
    i.usart_baudrate_set                     0x08000d2c   Section        0  gd32f1x0_usart.o(i.usart_baudrate_set)
    i.usart_data_transmit                    0x08000d84   Section        0  gd32f1x0_usart.o(i.usart_data_transmit)
    i.usart_deinit                           0x08000d8c   Section        0  gd32f1x0_usart.o(i.usart_deinit)
    i.usart_flag_get                         0x08000dbc   Section        0  gd32f1x0_usart.o(i.usart_flag_get)
    i.usart_transfer_config                  0x08000dc6   Section        0  gd32f1x0_usart.o(i.usart_transfer_config)
    .constdata                               0x08000e0e   Section    50880  main.o(.constdata)
    .data                                    0x20000000   Section        4  system_gd32f1x0.o(.data)
    .data                                    0x20000004   Section      100  gd32f1x0_eval.o(.data)
    .data                                    0x20000068   Section        4  delay.o(.data)
    fac_us                                   0x20000068   Data           1  delay.o(.data)
    fac_ms                                   0x2000006a   Data           2  delay.o(.data)
    .data                                    0x2000006c   Section        4  stdout.o(.data)
    STACK                                    0x20000070   Section     1024  startup_gd32f1x0.o(STACK)

    Global Symbols

    Symbol Name                              Value     Ov Type        Size  Object(Section)

    BuildAttributes$$THM_ISAv4$P$D$K$B$S$PE$A:L22UL41UL21$X:L11$S22US41US21$IEEE1$IW$USESV6$~STKCKD$USESV7$~SHL$OSPACE$ROPI$EBA8$MICROLIB$REQ8$PRES8$EABIv2 0x00000000   Number         0  anon$$obj.o ABSOLUTE
    __ARM_use_no_argv                        0x00000000   Number         0  main.o ABSOLUTE
    __cpp_initialize__aeabi_                  - Undefined Weak Reference
    __cxa_finalize                            - Undefined Weak Reference
    __decompress                              - Undefined Weak Reference
    _clock_init                               - Undefined Weak Reference
    _microlib_exit                            - Undefined Weak Reference
    __Vectors_Size                           0x00000168   Number         0  startup_gd32f1x0.o ABSOLUTE
    __Vectors                                0x08000000   Data           4  startup_gd32f1x0.o(RESET)
    __Vectors_End                            0x08000168   Data           0  startup_gd32f1x0.o(RESET)
    __main                                   0x08000169   Thumb Code     0  entry.o(.ARM.Collect$$$$00000000)
    _main_stk                                0x08000169   Thumb Code     0  entry2.o(.ARM.Collect$$$$00000001)
    _main_scatterload                        0x0800016d   Thumb Code     0  entry5.o(.ARM.Collect$$$$00000004)
    __main_after_scatterload                 0x08000171   Thumb Code     0  entry5.o(.ARM.Collect$$$$00000004)
    _main_clock                              0x08000171   Thumb Code     0  entry7b.o(.ARM.Collect$$$$00000008)
    _main_cpp_init                           0x08000171   Thumb Code     0  entry8b.o(.ARM.Collect$$$$0000000A)
    _main_init                               0x08000171   Thumb Code     0  entry9a.o(.ARM.Collect$$$$0000000B)
    __rt_final_cpp                           0x08000179   Thumb Code     0  entry10a.o(.ARM.Collect$$$$0000000D)
    __rt_final_exit                          0x08000179   Thumb Code     0  entry11a.o(.ARM.Collect$$$$0000000F)
    Reset_Handler                            0x0800017d   Thumb Code     8  startup_gd32f1x0.o(.text)
    NMI_Handler                              0x08000185   Thumb Code     2  startup_gd32f1x0.o(.text)
    HardFault_Handler                        0x08000187   Thumb Code     2  startup_gd32f1x0.o(.text)
    MemManage_Handler                        0x08000189   Thumb Code     2  startup_gd32f1x0.o(.text)
    BusFault_Handler                         0x0800018b   Thumb Code     2  startup_gd32f1x0.o(.text)
    UsageFault_Handler                       0x0800018d   Thumb Code     2  startup_gd32f1x0.o(.text)
    SVC_Handler                              0x0800018f   Thumb Code     2  startup_gd32f1x0.o(.text)
    DebugMon_Handler                         0x08000191   Thumb Code     2  startup_gd32f1x0.o(.text)
    PendSV_Handler                           0x08000193   Thumb Code     2  startup_gd32f1x0.o(.text)
    SysTick_Handler                          0x08000195   Thumb Code     2  startup_gd32f1x0.o(.text)
    ADC_CMP_IRQHandler                       0x08000197   Thumb Code     0  startup_gd32f1x0.o(.text)
    CAN0_RX0_IRQHandler                      0x08000197   Thumb Code     0  startup_gd32f1x0.o(.text)
    CAN0_RX1_IRQHandler                      0x08000197   Thumb Code     0  startup_gd32f1x0.o(.text)
    CAN0_SCE_IRQHandler                      0x08000197   Thumb Code     0  startup_gd32f1x0.o(.text)
    CAN0_TX_IRQHandler                       0x08000197   Thumb Code     0  startup_gd32f1x0.o(.text)
    CAN1_RX0_IRQHandler                      0x08000197   Thumb Code     0  startup_gd32f1x0.o(.text)
    CAN1_RX1_IRQHandler                      0x08000197   Thumb Code     0  startup_gd32f1x0.o(.text)
    CAN1_SCE_IRQHandler                      0x08000197   Thumb Code     0  startup_gd32f1x0.o(.text)
    CAN1_TX_IRQHandler                       0x08000197   Thumb Code     0  startup_gd32f1x0.o(.text)
    CEC_IRQHandler                           0x08000197   Thumb Code     0  startup_gd32f1x0.o(.text)
    DMA_Channel0_IRQHandler                  0x08000197   Thumb Code     0  startup_gd32f1x0.o(.text)
    DMA_Channel1_2_IRQHandler                0x08000197   Thumb Code     0  startup_gd32f1x0.o(.text)
    DMA_Channel3_4_IRQHandler                0x08000197   Thumb Code     0  startup_gd32f1x0.o(.text)
    DMA_Channel5_6_IRQHandler                0x08000197   Thumb Code     0  startup_gd32f1x0.o(.text)
    EXTI0_1_IRQHandler                       0x08000197   Thumb Code     0  startup_gd32f1x0.o(.text)
    EXTI2_3_IRQHandler                       0x08000197   Thumb Code     0  startup_gd32f1x0.o(.text)
    EXTI4_15_IRQHandler                      0x08000197   Thumb Code     0  startup_gd32f1x0.o(.text)
    FMC_IRQHandler                           0x08000197   Thumb Code     0  startup_gd32f1x0.o(.text)
    I2C0_ER_IRQHandler                       0x08000197   Thumb Code     0  startup_gd32f1x0.o(.text)
    I2C0_EV_IRQHandler                       0x08000197   Thumb Code     0  startup_gd32f1x0.o(.text)
    I2C1_ER_IRQHandler                       0x08000197   Thumb Code     0  startup_gd32f1x0.o(.text)
    I2C1_EV_IRQHandler                       0x08000197   Thumb Code     0  startup_gd32f1x0.o(.text)
    I2C2_ER_IRQHandler                       0x08000197   Thumb Code     0  startup_gd32f1x0.o(.text)
    I2C2_EV_IRQHandler                       0x08000197   Thumb Code     0  startup_gd32f1x0.o(.text)
    LVD_IRQHandler                           0x08000197   Thumb Code     0  startup_gd32f1x0.o(.text)
    RCU_IRQHandler                           0x08000197   Thumb Code     0  startup_gd32f1x0.o(.text)
    RTC_IRQHandler                           0x08000197   Thumb Code     0  startup_gd32f1x0.o(.text)
    SLCD_IRQHandler                          0x08000197   Thumb Code     0  startup_gd32f1x0.o(.text)
    SPI0_IRQHandler                          0x08000197   Thumb Code     0  startup_gd32f1x0.o(.text)
    SPI1_IRQHandler                          0x08000197   Thumb Code     0  startup_gd32f1x0.o(.text)
    SPI2_IRQHandler                          0x08000197   Thumb Code     0  startup_gd32f1x0.o(.text)
    TIMER0_BRK_UP_TRG_COM_IRQHandler         0x08000197   Thumb Code     0  startup_gd32f1x0.o(.text)
    TIMER0_CC_IRQHandler                     0x08000197   Thumb Code     0  startup_gd32f1x0.o(.text)
    TIMER13_IRQHandler                       0x08000197   Thumb Code     0  startup_gd32f1x0.o(.text)
    TIMER14_IRQHandler                       0x08000197   Thumb Code     0  startup_gd32f1x0.o(.text)
    TIMER15_IRQHandler                       0x08000197   Thumb Code     0  startup_gd32f1x0.o(.text)
    TIMER16_IRQHandler                       0x08000197   Thumb Code     0  startup_gd32f1x0.o(.text)
    TIMER1_IRQHandler                        0x08000197   Thumb Code     0  startup_gd32f1x0.o(.text)
    TIMER2_IRQHandler                        0x08000197   Thumb Code     0  startup_gd32f1x0.o(.text)
    TIMER5_DAC_IRQHandler                    0x08000197   Thumb Code     0  startup_gd32f1x0.o(.text)
    TSI_IRQHandler                           0x08000197   Thumb Code     0  startup_gd32f1x0.o(.text)
    USART0_IRQHandler                        0x08000197   Thumb Code     0  startup_gd32f1x0.o(.text)
    USART1_IRQHandler                        0x08000197   Thumb Code     0  startup_gd32f1x0.o(.text)
    USBDWakeUp_IRQHandler                    0x08000197   Thumb Code     0  startup_gd32f1x0.o(.text)
    USBD_HP_IRQHandler                       0x08000197   Thumb Code     0  startup_gd32f1x0.o(.text)
    USBD_LP_IRQHandler                       0x08000197   Thumb Code     0  startup_gd32f1x0.o(.text)
    WWDGT_IRQHandler                         0x08000197   Thumb Code     0  startup_gd32f1x0.o(.text)
    __scatterload                            0x080001a1   Thumb Code    28  init.o(.text)
    __scatterload_rt2                        0x080001a1   Thumb Code     0  init.o(.text)
    SystemInit                               0x080001e5   Thumb Code    82  system_gd32f1x0.o(i.SystemInit)
    __0printf$bare                           0x08000249   Thumb Code     8  printfb.o(i.__0printf$bare)
    __1printf$bare                           0x08000249   Thumb Code     0  printfb.o(i.__0printf$bare)
    __2printf                                0x08000249   Thumb Code     0  printfb.o(i.__0printf$bare)
    __scatterload_copy                       0x08000259   Thumb Code    14  handlers.o(i.__scatterload_copy)
    __scatterload_null                       0x08000267   Thumb Code     2  handlers.o(i.__scatterload_null)
    __scatterload_zeroinit                   0x08000269   Thumb Code    14  handlers.o(i.__scatterload_zeroinit)
    delay_init                               0x08000299   Thumb Code    38  delay.o(i.delay_init)
    delay_ms                                 0x080002c5   Thumb Code    36  delay.o(i.delay_ms)
    flash_led                                0x080002ed   Thumb Code    76  main.o(i.flash_led)
    fputc                                    0x08000339   Thumb Code    30  main.o(i.fputc)
    gd_eval_COMinit                          0x0800035d   Thumb Code   162  gd32f1x0_eval.o(i.gd_eval_COMinit)
    gd_eval_ledinit                          0x08000409   Thumb Code    66  gd32f1x0_eval.o(i.gd_eval_ledinit)
    gd_eval_ledoff                           0x08000451   Thumb Code    18  gd32f1x0_eval.o(i.gd_eval_ledoff)
    gd_eval_ledon                            0x08000469   Thumb Code    18  gd32f1x0_eval.o(i.gd_eval_ledon)
    gpio_af_set                              0x08000481   Thumb Code    86  gd32f1x0_gpio.o(i.gpio_af_set)
    gpio_mode_set                            0x080004d7   Thumb Code    72  gd32f1x0_gpio.o(i.gpio_mode_set)
    gpio_output_options_set                  0x0800051f   Thumb Code    62  gd32f1x0_gpio.o(i.gpio_output_options_set)
    gui_draw_pic                             0x0800055d   Thumb Code    88  gui_1.o(i.gui_draw_pic)
    lcd_clear                                0x080005b9   Thumb Code    90  lcd_driver.o(i.lcd_clear)
    lcd_init                                 0x08000621   Thumb Code   548  lcd_driver.o(i.lcd_init)
    lcd_set_region                           0x0800084d   Thumb Code    84  lcd_driver.o(i.lcd_set_region)
    lcd_write_data_16bit                     0x080008bd   Thumb Code    18  lcd_driver.o(i.lcd_write_data_16bit)
    main                                     0x080008e9   Thumb Code   126  main.o(i.main)
    rcu_clock_freq_get                       0x0800098d   Thumb Code   330  gd32f1x0_rcu.o(i.rcu_clock_freq_get)
    rcu_periph_clock_enable                  0x08000af9   Thumb Code    22  gd32f1x0_rcu.o(i.rcu_periph_clock_enable)
    rcu_periph_reset_disable                 0x08000b15   Thumb Code    22  gd32f1x0_rcu.o(i.rcu_periph_reset_disable)
    rcu_periph_reset_enable                  0x08000b31   Thumb Code    22  gd32f1x0_rcu.o(i.rcu_periph_reset_enable)
    spi_crc_polynomial_set                   0x08000bf9   Thumb Code    12  gd32f1x0_spi.o(i.spi_crc_polynomial_set)
    spi_enable                               0x08000c05   Thumb Code    10  gd32f1x0_spi.o(i.spi_enable)
    spi_init                                 0x08000c0f   Thumb Code    36  gd32f1x0_spi.o(i.spi_init)
    systick_config                           0x08000cb5   Thumb Code    60  systick.o(i.systick_config)
    test_status_led_init                     0x08000cf5   Thumb Code    54  main.o(i.test_status_led_init)
    usart_baudrate_set                       0x08000d2d   Thumb Code    82  gd32f1x0_usart.o(i.usart_baudrate_set)
    usart_data_transmit                      0x08000d85   Thumb Code     8  gd32f1x0_usart.o(i.usart_data_transmit)
    usart_deinit                             0x08000d8d   Thumb Code    42  gd32f1x0_usart.o(i.usart_deinit)
    usart_flag_get                           0x08000dbd   Thumb Code    10  gd32f1x0_usart.o(i.usart_flag_get)
    usart_transfer_config                    0x08000dc7   Thumb Code    72  gd32f1x0_usart.o(i.usart_transfer_config)
    gImage_10680                             0x08000e0e   Data       16960  main.o(.constdata)
    gImage_10680_2                           0x0800504e   Data       16960  main.o(.constdata)
    gImage_10680_3                           0x0800928e   Data       16960  main.o(.constdata)
    Region$$Table$$Base                      0x0800d4d0   Number         0  anon$$obj.o(Region$$Table)
    Region$$Table$$Limit                     0x0800d4f0   Number         0  anon$$obj.o(Region$$Table)
    SystemCoreClock                          0x20000000   Data           4  system_gd32f1x0.o(.data)
    COM_CLK                                  0x20000004   Data           2  gd32f1x0_eval.o(.data)
    COM_TX_PIN                               0x20000008   Data           4  gd32f1x0_eval.o(.data)
    COM_RX_PIN                               0x2000000c   Data           4  gd32f1x0_eval.o(.data)
    KEY_PIN                                  0x20000010   Data           6  gd32f1x0_eval.o(.data)
    KEY_CLK                                  0x20000016   Data           6  gd32f1x0_eval.o(.data)
    KEY_PORT_SOURCE                          0x2000001c   Data           6  gd32f1x0_eval.o(.data)
    KEY_PIN_SOURCE                           0x20000022   Data           6  gd32f1x0_eval.o(.data)
    KEY_IRQn                                 0x20000028   Data           6  gd32f1x0_eval.o(.data)
    GPIO_PIN                                 0x2000002e   Data           8  gd32f1x0_eval.o(.data)
    GPIO_CLK                                 0x20000036   Data           8  gd32f1x0_eval.o(.data)
    GPIO_PORT                                0x20000040   Data          16  gd32f1x0_eval.o(.data)
    KEY_PORT                                 0x20000050   Data          12  gd32f1x0_eval.o(.data)
    KEY_EXTI_LINE                            0x2000005c   Data          12  gd32f1x0_eval.o(.data)
    __stdout                                 0x2000006c   Data           4  stdout.o(.data)
    __initial_sp                             0x20000470   Data           0  startup_gd32f1x0.o(STACK)



==============================================================================

Memory Map of the image

  Image Entry point : 0x08000169

  Load Region LR_IROM1 (Base: 0x08000000, Size: 0x0000d560, Max: 0x00010000, ABSOLUTE)

    Execution Region ER_IROM1 (Exec base: 0x08000000, Load base: 0x08000000, Size: 0x0000d4f0, Max: 0x00010000, ABSOLUTE)

    Exec Addr    Load Addr    Size         Type   Attr      Idx    E Section Name        Object

    0x08000000   0x08000000   0x00000168   Data   RO         4084    RESET               startup_gd32f1x0.o
    0x08000168   0x08000168   0x00000000   Code   RO         4089  * .ARM.Collect$$$$00000000  mc_w.l(entry.o)
    0x08000168   0x08000168   0x00000004   Code   RO         4352    .ARM.Collect$$$$00000001  mc_w.l(entry2.o)
    0x0800016c   0x0800016c   0x00000004   Code   RO         4355    .ARM.Collect$$$$00000004  mc_w.l(entry5.o)
    0x08000170   0x08000170   0x00000000   Code   RO         4357    .ARM.Collect$$$$00000008  mc_w.l(entry7b.o)
    0x08000170   0x08000170   0x00000000   Code   RO         4359    .ARM.Collect$$$$0000000A  mc_w.l(entry8b.o)
    0x08000170   0x08000170   0x00000008   Code   RO         4360    .ARM.Collect$$$$0000000B  mc_w.l(entry9a.o)
    0x08000178   0x08000178   0x00000000   Code   RO         4362    .ARM.Collect$$$$0000000D  mc_w.l(entry10a.o)
    0x08000178   0x08000178   0x00000000   Code   RO         4364    .ARM.Collect$$$$0000000F  mc_w.l(entry11a.o)
    0x08000178   0x08000178   0x00000004   Code   RO         4353    .ARM.Collect$$$$00002712  mc_w.l(entry2.o)
    0x0800017c   0x0800017c   0x00000024   Code   RO         4085    .text               startup_gd32f1x0.o
    0x080001a0   0x080001a0   0x00000024   Code   RO         4382    .text               mc_w.l(init.o)
    0x080001c4   0x080001c4   0x00000020   Code   RO          176    i.NVIC_SetPriority  systick.o
    0x080001e4   0x080001e4   0x00000064   Code   RO          224    i.SystemInit        system_gd32f1x0.o
    0x08000248   0x08000248   0x00000010   Code   RO         4093    i.__0printf$bare    mc_w.l(printfb.o)
    0x08000258   0x08000258   0x0000000e   Code   RO         4394    i.__scatterload_copy  mc_w.l(handlers.o)
    0x08000266   0x08000266   0x00000002   Code   RO         4395    i.__scatterload_null  mc_w.l(handlers.o)
    0x08000268   0x08000268   0x0000000e   Code   RO         4396    i.__scatterload_zeroinit  mc_w.l(handlers.o)
    0x08000276   0x08000276   0x00000022   Code   RO         4100    i._printf_core      mc_w.l(printfb.o)
    0x08000298   0x08000298   0x0000002c   Code   RO         3808    i.delay_init        delay.o
    0x080002c4   0x080002c4   0x00000028   Code   RO         3809    i.delay_ms          delay.o
    0x080002ec   0x080002ec   0x0000004c   Code   RO            4    i.flash_led         main.o
    0x08000338   0x08000338   0x00000024   Code   RO            5    i.fputc             main.o
    0x0800035c   0x0800035c   0x000000ac   Code   RO         3742    i.gd_eval_COMinit   gd32f1x0_eval.o
    0x08000408   0x08000408   0x00000048   Code   RO         3745    i.gd_eval_ledinit   gd32f1x0_eval.o
    0x08000450   0x08000450   0x00000018   Code   RO         3746    i.gd_eval_ledoff    gd32f1x0_eval.o
    0x08000468   0x08000468   0x00000018   Code   RO         3747    i.gd_eval_ledon     gd32f1x0_eval.o
    0x08000480   0x08000480   0x00000056   Code   RO         1493    i.gpio_af_set       gd32f1x0_gpio.o
    0x080004d6   0x080004d6   0x00000048   Code   RO         1500    i.gpio_mode_set     gd32f1x0_gpio.o
    0x0800051e   0x0800051e   0x0000003e   Code   RO         1502    i.gpio_output_options_set  gd32f1x0_gpio.o
    0x0800055c   0x0800055c   0x0000005c   Code   RO         3856    i.gui_draw_pic      gui_1.o
    0x080005b8   0x080005b8   0x00000068   Code   RO         3952    i.lcd_clear         lcd_driver.o
    0x08000620   0x08000620   0x0000022c   Code   RO         3953    i.lcd_init          lcd_driver.o
    0x0800084c   0x0800084c   0x00000058   Code   RO         3954    i.lcd_set_region    lcd_driver.o
    0x080008a4   0x080008a4   0x00000018   Code   RO         3956    i.lcd_write_data    lcd_driver.o
    0x080008bc   0x080008bc   0x00000012   Code   RO         3957    i.lcd_write_data_16bit  lcd_driver.o
    0x080008ce   0x080008ce   0x00000002   PAD
    0x080008d0   0x080008d0   0x00000018   Code   RO         3958    i.lcd_write_index   lcd_driver.o
    0x080008e8   0x080008e8   0x000000a4   Code   RO            6    i.main              main.o
    0x0800098c   0x0800098c   0x0000016c   Code   RO         1915    i.rcu_clock_freq_get  gd32f1x0_rcu.o
    0x08000af8   0x08000af8   0x0000001c   Code   RO         1935    i.rcu_periph_clock_enable  gd32f1x0_rcu.o
    0x08000b14   0x08000b14   0x0000001c   Code   RO         1936    i.rcu_periph_reset_disable  gd32f1x0_rcu.o
    0x08000b30   0x08000b30   0x0000001c   Code   RO         1937    i.rcu_periph_reset_enable  gd32f1x0_rcu.o
    0x08000b4c   0x08000b4c   0x000000ac   Code   RO         3959    i.spi0_init         lcd_driver.o
    0x08000bf8   0x08000bf8   0x0000000c   Code   RO         2397    i.spi_crc_polynomial_set  gd32f1x0_spi.o
    0x08000c04   0x08000c04   0x0000000a   Code   RO         2401    i.spi_enable        gd32f1x0_spi.o
    0x08000c0e   0x08000c0e   0x00000024   Code   RO         2409    i.spi_init          gd32f1x0_spi.o
    0x08000c32   0x08000c32   0x00000014   Code   RO         3960    i.spi_write_byte    lcd_driver.o
    0x08000c46   0x08000c46   0x00000002   PAD
    0x08000c48   0x08000c48   0x0000006c   Code   RO          225    i.system_clock_72m_hxtal  system_gd32f1x0.o
    0x08000cb4   0x08000cb4   0x00000040   Code   RO          179    i.systick_config    systick.o
    0x08000cf4   0x08000cf4   0x00000036   Code   RO            7    i.test_status_led_init  main.o
    0x08000d2a   0x08000d2a   0x00000002   PAD
    0x08000d2c   0x08000d2c   0x00000058   Code   RO         3276    i.usart_baudrate_set  gd32f1x0_usart.o
    0x08000d84   0x08000d84   0x00000008   Code   RO         3283    i.usart_data_transmit  gd32f1x0_usart.o
    0x08000d8c   0x08000d8c   0x00000030   Code   RO         3284    i.usart_deinit      gd32f1x0_usart.o
    0x08000dbc   0x08000dbc   0x0000000a   Code   RO         3292    i.usart_flag_get    gd32f1x0_usart.o
    0x08000dc6   0x08000dc6   0x00000048   Code   RO         3329    i.usart_transfer_config  gd32f1x0_usart.o
    0x08000e0e   0x08000e0e   0x0000c6c0   Data   RO           10    .constdata          main.o
    0x0800d4ce   0x0800d4ce   0x00000002   PAD
    0x0800d4d0   0x0800d4d0   0x00000020   Data   RO         4392    Region$$Table       anon$$obj.o


    Execution Region RW_IRAM1 (Exec base: 0x20000000, Load base: 0x0800d4f0, Size: 0x00000470, Max: 0x00002000, ABSOLUTE)

    Exec Addr    Load Addr    Size         Type   Attr      Idx    E Section Name        Object

    0x20000000   0x0800d4f0   0x00000004   Data   RW          226    .data               system_gd32f1x0.o
    0x20000004   0x0800d4f4   0x00000064   Data   RW         3749    .data               gd32f1x0_eval.o
    0x20000068   0x0800d558   0x00000004   Data   RW         3811    .data               delay.o
    0x2000006c   0x0800d55c   0x00000004   Data   RW         4366    .data               mc_w.l(stdout.o)
    0x20000070        -       0x00000400   Zero   RW         4082    STACK               startup_gd32f1x0.o


==============================================================================

Image component sizes


      Code (inc. data)   RO Data    RW Data    ZI Data      Debug   Object Name

        84         10          0          4          0       1272   delay.o
         0          0          0          0          0       5044   gd32f1x0_adc.o
       292         28          0        100          0       5452   gd32f1x0_eval.o
       220          0          0          0          0       2528   gd32f1x0_gpio.o
       448         60          0          0          0      17939   gd32f1x0_rcu.o
        58          0          0          0          0       2445   gd32f1x0_spi.o
       226         18          0          0          0      10739   gd32f1x0_usart.o
        92          4          0          0          0        787   gui_1.o
      1006         64          0          0          0       5407   lcd_driver.o
       330         44      50880          0          0      36475   main.o
        36          8        360          0       1024        908   startup_gd32f1x0.o
       208         26          0          4          0       2283   system_gd32f1x0.o
        96          4          0          0          0      24960   systick.o

    ----------------------------------------------------------------------
      3102        266      51274        108       1024     116239   Object Totals
         0          0         32          0          0          0   (incl. Generated)
         6          0          2          0          0          0   (incl. Padding)

    ----------------------------------------------------------------------

      Code (inc. data)   RO Data    RW Data    ZI Data      Debug   Library Member Name

         0          0          0          0          0          0   entry.o
         0          0          0          0          0          0   entry10a.o
         0          0          0          0          0          0   entry11a.o
         8          4          0          0          0          0   entry2.o
         4          0          0          0          0          0   entry5.o
         0          0          0          0          0          0   entry7b.o
         0          0          0          0          0          0   entry8b.o
         8          4          0          0          0          0   entry9a.o
        30          0          0          0          0          0   handlers.o
        36          8          0          0          0         68   init.o
        50          8          0          0          0        152   printfb.o
         0          0          0          4          0          0   stdout.o

    ----------------------------------------------------------------------
       136         24          0          4          0        220   Library Totals
         0          0          0          0          0          0   (incl. Padding)

    ----------------------------------------------------------------------

      Code (inc. data)   RO Data    RW Data    ZI Data      Debug   Library Name

       136         24          0          4          0        220   mc_w.l

    ----------------------------------------------------------------------
       136         24          0          4          0        220   Library Totals

    ----------------------------------------------------------------------

==============================================================================


      Code (inc. data)   RO Data    RW Data    ZI Data      Debug   

      3238        290      51274        112       1024     114739   Grand Totals
      3238        290      51274        112       1024     114739   ELF Image Totals
      3238        290      51274        112          0          0   ROM Totals

==============================================================================

    Total RO  Size (Code + RO Data)                54512 (  53.23kB)
    Total RW  Size (RW Data + ZI Data)              1136 (   1.11kB)
    Total ROM Size (Code + RO Data + RW Data)      54624 (  53.34kB)

==============================================================================

